{"level":"info","ts":"2026-10-05T08:41:28.716Z","caller":"routed-eni-cni-plugin/cni.go:131","msg":"Constructed new logger instance"}
{"level":"info","ts":"2026-10-05T08:41:28.716Z","caller":"routed-eni-cni-plugin/cni.go:149","msg":"Received CNI add request: ContainerID(722abecf8fce8ad850491f2d3069eacd5d52a3237f8a0b1552b2d0567fc8812b) Netns(/var/run/netns/cni-89548f4b-694b-e0d7-df49-a7e953d67c8e) IfName(eth0) Args(IgnoreUnknown=1;K8S_POD_NAMESPACE=default;K8S_POD_NAME=pause-68d5b89fc-zkk75;K8S_POD_INFRA_CONTAINER_ID=722abecf8fce8ad850491f2d3069eacd5d52a3237f8a0b1552b2d0567fc8812b;K8S_POD_UID=d5824255-e9c5-48aa-b8b8-9ad5649ef2d7) Path(/opt/cni/bin) argsStdinData({\"capabilities\":{\"io.kubernetes.cri.pod-annotations\":true},\"cniVersion\":\"0.4.0\",\"mtu\":\"9001\",\"name\":\"aws-cni\",\"pluginLogFile\":\"/var/log/aws-routed-eni/plugin.log\",\"pluginLogLevel\":\"DEBUG\",\"podSGEnforcingMode\":\"strict\",\"runtimeConfig\":{\"io.kubernetes.cri.pod-annotations\":{\"kubernetes.io/config.seen\":\"2026-10-05T08:41:28.378415909Z\",\"kubernetes.io/config.source\":\"api\"}},\"type\":\"aws-cni\",\"vethPrefix\":\"eni\"})"}
{"level":"debug","ts":"2026-10-05T08:41:28.716Z","caller":"routed-eni-cni-plugin/cni.go:149","msg":"Prev Result: <nil>\n"}
{"level":"debug","ts":"2026-10-05T08:41:28.716Z","caller":"routed-eni-cni-plugin/cni.go:149","msg":"MTU value set is 9001:"}
{"level":"debug","ts":"2026-10-05T08:41:28.716Z","caller":"routed-eni-cni-plugin/cni.go:149","msg":"pod requires multi-nic attachment: false"}
{"level":"debug","ts":"2026-10-05T08:41:28.717Z","caller":"routed-eni-cni-plugin/cni.go:190","msg":"Connected to IPAMD via Unix socket: /var/run/aws-node/ipamd.sock"}
{"level":"error","ts":"2026-10-05T08:41:28.718Z","caller":"routed-eni-cni-plugin/cni.go:149","msg":"Failed to assign an IP address to container 722abecf8fce8ad850491f2d3069eacd5d52a3237f8a0b1552b2d0567fc8812b"}
{"level":"info","ts":"2026-10-05T08:41:28.741Z","caller":"routed-eni-cni-plugin/cni.go:131","msg":"Constructed new logger instance"}
{"level":"debug","ts":"2026-10-05T08:41:28.741Z","caller":"routed-eni-cni-plugin/cni.go:370","msg":"Prev Result: <nil>\n"}
{"level":"info","ts":"2026-10-05T08:41:28.741Z","caller":"routed-eni-cni-plugin/cni.go:370","msg":"Received CNI del request: ContainerID(722abecf8fce8ad850491f2d3069eacd5d52a3237f8a0b1552b2d0567fc8812b) Netns(/var/run/netns/cni-89548f4b-694b-e0d7-df49-a7e953d67c8e) IfName(eth0) Args(IgnoreUnknown=1;K8S_POD_NAMESPACE=default;K8S_POD_NAME=pause-68d5b89fc-zkk75;K8S_POD_INFRA_CONTAINER_ID=722abecf8fce8ad850491f2d3069eacd5d52a3237f8a0b1552b2d0567fc8812b;K8S_POD_UID=d5824255-e9c5-48aa-b8b8-9ad5649ef2d7) Path(/opt/cni/bin) argsStdinData({\"capabilities\":{\"io.kubernetes.cri.pod-annotations\":true},\"cniVersion\":\"0.4.0\",\"mtu\":\"9001\",\"name\":\"aws-cni\",\"pluginLogFile\":\"/var/log/aws-routed-eni/plugin.log\",\"pluginLogLevel\":\"DEBUG\",\"podSGEnforcingMode\":\"strict\",\"runtimeConfig\":{\"io.kubernetes.cri.pod-annotations\":{\"kubernetes.io/config.seen\":\"2026-10-05T08:41:28.378415909Z\",\"kubernetes.io/config.source\":\"api\"}},\"type\":\"aws-cni\",\"vethPrefix\":\"eni\"})"}
{"level":"debug","ts":"2026-10-05T08:41:28.742Z","caller":"routed-eni-cni-plugin/cni.go:407","msg":"Connected to IPAMD via Unix socket: /var/run/aws-node/ipamd.sock"}
{"level":"info","ts":"2026-10-05T08:41:28.743Z","caller":"routed-eni-cni-plugin/cni.go:370","msg":"Container 722abecf8fce8ad850491f2d3069eacd5d52a3237f8a0b1552b2d0567fc8812b not found"}
{"level":"info","ts":"2026-10-05T08:41:28.771Z","caller":"routed-eni-cni-plugin/cni.go:131","msg":"Constructed new logger instance"}
{"level":"info","ts":"2026-10-05T08:41:28.771Z","caller":"routed-eni-cni-plugin/cni.go:149","msg":"Received CNI add request: ContainerID(8dcc758c4c188a22eb53bff1a1f3b55fc5877c2b92d9abc7f0bf1b42542b711c) Netns(/var/run/netns/cni-27f1aa6e-2306-4c06-d90a-f24e4e296b8c) IfName(eth0) Args(IgnoreUnknown=1;K8S_POD_NAMESPACE=default;K8S_POD_NAME=pause-68d5b89fc-cc6lc;K8S_POD_INFRA_CONTAINER_ID=8dcc758c4c188a22eb53bff1a1f3b55fc5877c2b92d9abc7f0bf1b42542b711c;K8S_POD_UID=9c500403-1eff-4562-9498-16be317f6e12) Path(/opt/cni/bin) argsStdinData({\"capabilities\":{\"io.kubernetes.cri.pod-annotations\":true},\"cniVersion\":\"0.4.0\",\"mtu\":\"9001\",\"name\":\"aws-cni\",\"pluginLogFile\":\"/var/log/aws-routed-eni/plugin.log\",\"pluginLogLevel\":\"DEBUG\",\"podSGEnforcingMode\":\"strict\",\"runtimeConfig\":{\"io.kubernetes.cri.pod-annotations\":{\"kubernetes.io/config.seen\":\"2026-10-05T08:41:28.433460060Z\",\"kubernetes.io/config.source\":\"api\"}},\"type\":\"aws-cni\",\"vethPrefix\":\"eni\"})"}
{"level":"debug","ts":"2026-10-05T08:41:28.771Z","caller":"routed-eni-cni-plugin/cni.go:149","msg":"Prev Result: <nil>\n"}
{"level":"debug","ts":"2026-10-05T08:41:28.771Z","caller":"routed-eni-cni-plugin/cni.go:149","msg":"MTU value set is 9001:"}
{"level":"debug","ts":"2026-10-05T08:41:28.771Z","caller":"routed-eni-cni-plugin/cni.go:149","msg":"pod requires multi-nic attachment: false"}
{"level":"debug","ts":"2026-10-05T08:41:28.771Z","caller":"routed-eni-cni-plugin/cni.go:190","msg":"Connected to IPAMD via Unix socket: /var/run/aws-node/ipamd.sock"}
{"level":"error","ts":"2026-10-05T08:41:28.772Z","caller":"routed-eni-cni-plugin/cni.go:149","msg":"Failed to assign an IP address to container 8dcc758c4c188a22eb53bff1a1f3b55fc5877c2b92d9abc7f0bf1b42542b711c"}
{"level":"info","ts":"2026-10-05T08:41:28.796Z","caller":"routed-eni-cni-plugin/cni.go:131","msg":"Constructed new logger instance"}
{"level":"debug","ts":"2026-10-05T08:41:28.796Z","caller":"routed-eni-cni-plugin/cni.go:370","msg":"Prev Result: <nil>\n"}
{"level":"info","ts":"2026-10-05T08:41:28.796Z","caller":"routed-eni-cni-plugin/cni.go:370","msg":"Received CNI del request: ContainerID(8dcc758c4c188a22eb53bff1a1f3b55fc5877c2b92d9abc7f0bf1b42542b711c) Netns(/var/run/netns/cni-27f1aa6e-2306-4c06-d90a-f24e4e296b8c) IfName(eth0) Args(IgnoreUnknown=1;K8S_POD_NAMESPACE=default;K8S_POD_NAME=pause-68d5b89fc-cc6lc;K8S_POD_INFRA_CONTAINER_ID=8dcc758c4c188a22eb53bff1a1f3b55fc5877c2b92d9abc7f0bf1b42542b711c;K8S_POD_UID=9c500403-1eff-4562-9498-16be317f6e12) Path(/opt/cni/bin) argsStdinData({\"capabilities\":{\"io.kubernetes.cri.pod-annotations\":true},\"cniVersion\":\"0.4.0\",\"mtu\":\"9001\",\"name\":\"aws-cni\",\"pluginLogFile\":\"/var/log/aws-routed-eni/plugin.log\",\"pluginLogLevel\":\"DEBUG\",\"podSGEnforcingMode\":\"strict\",\"runtimeConfig\":{\"io.kubernetes.cri.pod-annotations\":{\"kubernetes.io/config.seen\":\"2026-10-05T08:41:28.433460060Z\",\"kubernetes.io/config.source\":\"api\"}},\"type\":\"aws-cni\",\"vethPrefix\":\"eni\"})"}
{"level":"debug","ts":"2026-10-05T08:41:28.796Z","caller":"routed-eni-cni-plugin/cni.go:407","msg":"Connected to IPAMD via Unix socket: /var/run/aws-node/ipamd.sock"}
{"level":"info","ts":"2026-10-05T08:41:28.797Z","caller":"routed-eni-cni-plugin/cni.go:370","msg":"Container 8dcc758c4c188a22eb53bff1a1f3b55fc5877c2b92d9abc7f0bf1b42542b711c not found"}
{"level":"info","ts":"2026-10-05T08:41:41.447Z","caller":"routed-eni-cni-plugin/cni.go:131","msg":"Constructed new logger instance"}
{"level":"info","ts":"2026-10-05T08:41:41.447Z","caller":"routed-eni-cni-plugin/cni.go:149","msg":"Received CNI add request: ContainerID(583c3b8038e479d7b54ae14c4abf133d25325a664acf1775f437d41ec5619f62) Netns(/var/run/netns/cni-ac186dab-48b3-ed42-780b-c7317a759c1f) IfName(eth0) Args(IgnoreUnknown=1;K8S_POD_NAMESPACE=default;K8S_POD_NAME=pause-68d5b89fc-zkk75;K8S_POD_INFRA_CONTAINER_ID=583c3b8038e479d7b54ae14c4abf133d25325a664acf1775f437d41ec5619f62;K8S_POD_UID=d5824255-e9c5-48aa-b8b8-9ad5649ef2d7) Path(/opt/cni/bin) argsStdinData({\"capabilities\":{\"io.kubernetes.cri.pod-annotations\":true},\"cniVersion\":\"0.4.0\",\"mtu\":\"9001\",\"name\":\"aws-cni\",\"pluginLogFile\":\"/var/log/aws-routed-eni/plugin.log\",\"pluginLogLevel\":\"DEBUG\",\"podSGEnforcingMode\":\"strict\",\"runtimeConfig\":{\"io.kubernetes.cri.pod-annotations\":{\"kubernetes.io/config.seen\":\"2026-10-05T08:41:28.378415909Z\",\"kubernetes.io/config.source\":\"api\"}},\"type\":\"aws-cni\",\"vethPrefix\":\"eni\"})"}
{"level":"debug","ts":"2026-10-05T08:41:41.447Z","caller":"routed-eni-cni-plugin/cni.go:149","msg":"Prev Result: <nil>\n"}
{"level":"debug","ts":"2026-10-05T08:41:41.448Z","caller":"routed-eni-cni-plugin/cni.go:149","msg":"MTU value set is 9001:"}
{"level":"debug","ts":"2026-10-05T08:41:41.448Z","caller":"routed-eni-cni-plugin/cni.go:149","msg":"pod requires multi-nic attachment: false"}
{"level":"debug","ts":"2026-10-05T08:41:41.448Z","caller":"routed-eni-cni-plugin/cni.go:190","msg":"Connected to IPAMD via Unix socket: /var/run/aws-node/ipamd.sock"}
{"level":"error","ts":"2026-10-05T08:41:41.449Z","caller":"routed-eni-cni-plugin/cni.go:149","msg":"Failed to assign an IP address to container 583c3b8038e479d7b54ae14c4abf133d25325a664acf1775f437d41ec5619f62"}
{"level":"info","ts":"2026-10-05T08:41:41.472Z","caller":"routed-eni-cni-plugin/cni.go:131","msg":"Constructed new logger instance"}
{"level":"debug","ts":"2026-10-05T08:41:41.472Z","caller":"routed-eni-cni-plugin/cni.go:370","msg":"Prev Result: <nil>\n"}
{"level":"info","ts":"2026-10-05T08:41:41.473Z","caller":"routed-eni-cni-plugin/cni.go:370","msg":"Received CNI del request: ContainerID(583c3b8038e479d7b54ae14c4abf133d25325a664acf1775f437d41ec5619f62) Netns(/var/run/netns/cni-ac186dab-48b3-ed42-780b-c7317a759c1f) IfName(eth0) Args(K8S_POD_NAME=pause-68d5b89fc-zkk75;K8S_POD_INFRA_CONTAINER_ID=583c3b8038e479d7b54ae14c4abf133d25325a664acf1775f437d41ec5619f62;K8S_POD_UID=d5824255-e9c5-48aa-b8b8-9ad5649ef2d7;IgnoreUnknown=1;K8S_POD_NAMESPACE=default) Path(/opt/cni/bin) argsStdinData({\"capabilities\":{\"io.kubernetes.cri.pod-annotations\":true},\"cniVersion\":\"0.4.0\",\"mtu\":\"9001\",\"name\":\"aws-cni\",\"pluginLogFile\":\"/var/log/aws-routed-eni/plugin.log\",\"pluginLogLevel\":\"DEBUG\",\"podSGEnforcingMode\":\"strict\",\"runtimeConfig\":{\"io.kubernetes.cri.pod-annotations\":{\"kubernetes.io/config.seen\":\"2026-10-05T08:41:28.378415909Z\",\"kubernetes.io/config.source\":\"api\"}},\"type\":\"aws-cni\",\"vethPrefix\":\"eni\"})"}
{"level":"debug","ts":"2026-10-05T08:41:41.473Z","caller":"routed-eni-cni-plugin/cni.go:407","msg":"Connected to IPAMD via Unix socket: /var/run/aws-node/ipamd.sock"}
{"level":"info","ts":"2026-10-05T08:41:41.474Z","caller":"routed-eni-cni-plugin/cni.go:370","msg":"Container 583c3b8038e479d7b54ae14c4abf133d25325a664acf1775f437d41ec5619f62 not found"}
{"level":"info","ts":"2026-10-05T08:41:43.448Z","caller":"routed-eni-cni-plugin/cni.go:131","msg":"Constructed new logger instance"}
{"level":"info","ts":"2026-10-05T08:41:43.448Z","caller":"routed-eni-cni-plugin/cni.go:149","msg":"Received CNI add request: ContainerID(fdab379a13d45c55b82460461653713cf396f105deedf51d0ee5fbaee05e7faf) Netns(/var/run/netns/cni-f577c0e4-ab55-b73e-376a-33495f2426d3) IfName(eth0) Args(K8S_POD_INFRA_CONTAINER_ID=fdab379a13d45c55b82460461653713cf396f105deedf51d0ee5fbaee05e7faf;K8S_POD_UID=9c500403-1eff-4562-9498-16be317f6e12;IgnoreUnknown=1;K8S_POD_NAMESPACE=default;K8S_POD_NAME=pause-68d5b89fc-cc6lc) Path(/opt/cni/bin) argsStdinData({\"capabilities\":{\"io.kubernetes.cri.pod-annotations\":true},\"cniVersion\":\"0.4.0\",\"mtu\":\"9001\",\"name\":\"aws-cni\",\"pluginLogFile\":\"/var/log/aws-routed-eni/plugin.log\",\"pluginLogLevel\":\"DEBUG\",\"podSGEnforcingMode\":\"strict\",\"runtimeConfig\":{\"io.kubernetes.cri.pod-annotations\":{\"kubernetes.io/config.seen\":\"2026-10-05T08:41:28.433460060Z\",\"kubernetes.io/config.source\":\"api\"}},\"type\":\"aws-cni\",\"vethPrefix\":\"eni\"})"}
{"level":"debug","ts":"2026-10-05T08:41:43.448Z","caller":"routed-eni-cni-plugin/cni.go:149","msg":"Prev Result: <nil>\n"}
{"level":"debug","ts":"2026-10-05T08:41:43.448Z","caller":"routed-eni-cni-plugin/cni.go:149","msg":"MTU value set is 9001:"}
{"level":"debug","ts":"2026-10-05T08:41:43.448Z","caller":"routed-eni-cni-plugin/cni.go:149","msg":"pod requires multi-nic attachment: false"}
{"level":"debug","ts":"2026-10-05T08:41:43.450Z","caller":"routed-eni-cni-plugin/cni.go:190","msg":"Connected to IPAMD via Unix socket: /var/run/aws-node/ipamd.sock"}
{"level":"error","ts":"2026-10-05T08:41:43.451Z","caller":"routed-eni-cni-plugin/cni.go:149","msg":"Failed to assign an IP address to container fdab379a13d45c55b82460461653713cf396f105deedf51d0ee5fbaee05e7faf"}
{"level":"info","ts":"2026-10-05T08:41:43.475Z","caller":"routed-eni-cni-plugin/cni.go:131","msg":"Constructed new logger instance"}
{"level":"debug","ts":"2026-10-05T08:41:43.475Z","caller":"routed-eni-cni-plugin/cni.go:370","msg":"Prev Result: <nil>\n"}
{"level":"info","ts":"2026-10-05T08:41:43.475Z","caller":"routed-eni-cni-plugin/cni.go:370","msg":"Received CNI del request: ContainerID(fdab379a13d45c55b82460461653713cf396f105deedf51d0ee5fbaee05e7faf) Netns(/var/run/netns/cni-f577c0e4-ab55-b73e-376a-33495f2426d3) IfName(eth0) Args(K8S_POD_NAME=pause-68d5b89fc-cc6lc;K8S_POD_INFRA_CONTAINER_ID=fdab379a13d45c55b82460461653713cf396f105deedf51d0ee5fbaee05e7faf;K8S_POD_UID=9c500403-1eff-4562-9498-16be317f6e12;IgnoreUnknown=1;K8S_POD_NAMESPACE=default) Path(/opt/cni/bin) argsStdinData({\"capabilities\":{\"io.kubernetes.cri.pod-annotations\":true},\"cniVersion\":\"0.4.0\",\"mtu\":\"9001\",\"name\":\"aws-cni\",\"pluginLogFile\":\"/var/log/aws-routed-eni/plugin.log\",\"pluginLogLevel\":\"DEBUG\",\"podSGEnforcingMode\":\"strict\",\"runtimeConfig\":{\"io.kubernetes.cri.pod-annotations\":{\"kubernetes.io/config.seen\":\"2026-10-05T08:41:28.433460060Z\",\"kubernetes.io/config.source\":\"api\"}},\"type\":\"aws-cni\",\"vethPrefix\":\"eni\"})"}
{"level":"debug","ts":"2026-10-05T08:41:43.476Z","caller":"routed-eni-cni-plugin/cni.go:407","msg":"Connected to IPAMD via Unix socket: /var/run/aws-node/ipamd.sock"}
{"level":"info","ts":"2026-10-05T08:41:43.477Z","caller":"routed-eni-cni-plugin/cni.go:370","msg":"Container fdab379a13d45c55b82460461653713cf396f105deedf51d0ee5fbaee05e7faf not found"}
{"level":"info","ts":"2026-10-05T08:41:53.449Z","caller":"routed-eni-cni-plugin/cni.go:131","msg":"Constructed new logger instance"}
{"level":"info","ts":"2026-10-05T08:41:53.449Z","caller":"routed-eni-cni-plugin/cni.go:149","msg":"Received CNI add request: ContainerID(7b026fbc17a0c1f5ba9824b9db6e4530d45180ff4ea96389eb868f95238d84c5) Netns(/var/run/netns/cni-9f416f67-b519-ef36-4ba7-eaefeadfd528) IfName(eth0) Args(IgnoreUnknown=1;K8S_POD_NAMESPACE=default;K8S_POD_NAME=pause-68d5b89fc-zkk75;K8S_POD_INFRA_CONTAINER_ID=7b026fbc17a0c1f5ba9824b9db6e4530d45180ff4ea96389eb868f95238d84c5;K8S_POD_UID=d5824255-e9c5-48aa-b8b8-9ad5649ef2d7) Path(/opt/cni/bin) argsStdinData({\"capabilities\":{\"io.kubernetes.cri.pod-annotations\":true},\"cniVersion\":\"0.4.0\",\"mtu\":\"9001\",\"name\":\"aws-cni\",\"pluginLogFile\":\"/var/log/aws-routed-eni/plugin.log\",\"pluginLogLevel\":\"DEBUG\",\"podSGEnforcingMode\":\"strict\",\"runtimeConfig\":{\"io.kubernetes.cri.pod-annotations\":{\"kubernetes.io/config.seen\":\"2026-10-05T08:41:28.378415909Z\",\"kubernetes.io/config.source\":\"api\"}},\"type\":\"aws-cni\",\"vethPrefix\":\"eni\"})"}
{"level":"debug","ts":"2026-10-05T08:41:53.449Z","caller":"routed-eni-cni-plugin/cni.go:149","msg":"Prev Result: <nil>\n"}
{"level":"debug","ts":"2026-10-05T08:41:53.449Z","caller":"routed-eni-cni-plugin/cni.go:149","msg":"MTU value set is 9001:"}
{"level":"debug","ts":"2026-10-05T08:41:53.449Z","caller":"routed-eni-cni-plugin/cni.go:149","msg":"pod requires multi-nic attachment: false"}
{"level":"debug","ts":"2026-10-05T08:41:53.449Z","caller":"routed-eni-cni-plugin/cni.go:190","msg":"Connected to IPAMD via Unix socket: /var/run/aws-node/ipamd.sock"}
{"level":"error","ts":"2026-10-05T08:41:53.451Z","caller":"routed-eni-cni-plugin/cni.go:149","msg":"Failed to assign an IP address to container 7b026fbc17a0c1f5ba9824b9db6e4530d45180ff4ea96389eb868f95238d84c5"}
{"level":"info","ts":"2026-10-05T08:41:53.475Z","caller":"routed-eni-cni-plugin/cni.go:131","msg":"Constructed new logger instance"}
{"level":"debug","ts":"2026-10-05T08:41:53.475Z","caller":"routed-eni-cni-plugin/cni.go:370","msg":"Prev Result: <nil>\n"}
{"level":"info","ts":"2026-10-05T08:41:53.475Z","caller":"routed-eni-cni-plugin/cni.go:370","msg":"Received CNI del request: ContainerID(7b026fbc17a0c1f5ba9824b9db6e4530d45180ff4ea96389eb868f95238d84c5) Netns(/var/run/netns/cni-9f416f67-b519-ef36-4ba7-eaefeadfd528) IfName(eth0) Args(K8S_POD_UID=d5824255-e9c5-48aa-b8b8-9ad5649ef2d7;IgnoreUnknown=1;K8S_POD_NAMESPACE=default;K8S_POD_NAME=pause-68d5b89fc-zkk75;K8S_POD_INFRA_CONTAINER_ID=7b026fbc17a0c1f5ba9824b9db6e4530d45180ff4ea96389eb868f95238d84c5) Path(/opt/cni/bin) argsStdinData({\"capabilities\":{\"io.kubernetes.cri.pod-annotations\":true},\"cniVersion\":\"0.4.0\",\"mtu\":\"9001\",\"name\":\"aws-cni\",\"pluginLogFile\":\"/var/log/aws-routed-eni/plugin.log\",\"pluginLogLevel\":\"DEBUG\",\"podSGEnforcingMode\":\"strict\",\"runtimeConfig\":{\"io.kubernetes.cri.pod-annotations\":{\"kubernetes.io/config.seen\":\"2026-10-05T08:41:28.378415909Z\",\"kubernetes.io/config.source\":\"api\"}},\"type\":\"aws-cni\",\"vethPrefix\":\"eni\"})"}
{"level":"debug","ts":"2026-10-05T08:41:53.476Z","caller":"routed-eni-cni-plugin/cni.go:407","msg":"Connected to IPAMD via Unix socket: /var/run/aws-node/ipamd.sock"}
{"level":"info","ts":"2026-10-05T08:41:53.477Z","caller":"routed-eni-cni-plugin/cni.go:370","msg":"Container 7b026fbc17a0c1f5ba9824b9db6e4530d45180ff4ea96389eb868f95238d84c5 not found"}
{"level":"info","ts":"2026-10-05T08:41:55.448Z","caller":"routed-eni-cni-plugin/cni.go:131","msg":"Constructed new logger instance"}
{"level":"info","ts":"2026-10-05T08:41:55.448Z","caller":"routed-eni-cni-plugin/cni.go:149","msg":"Received CNI add request: ContainerID(d6e1d1d2cc65b484d725c26b48299f34e2d69b3a614522986a5b851fee613cd2) Netns(/var/run/netns/cni-eedc61b6-f7f2-e51d-5c8d-c24c7ee62892) IfName(eth0) Args(K8S_POD_NAMESPACE=default;K8S_POD_NAME=pause-68d5b89fc-cc6lc;K8S_POD_INFRA_CONTAINER_ID=d6e1d1d2cc65b484d725c26b48299f34e2d69b3a614522986a5b851fee613cd2;K8S_POD_UID=9c500403-1eff-4562-9498-16be317f6e12;IgnoreUnknown=1) Path(/opt/cni/bin) argsStdinData({\"capabilities\":{\"io.kubernetes.cri.pod-annotations\":true},\"cniVersion\":\"0.4.0\",\"mtu\":\"9001\",\"name\":\"aws-cni\",\"pluginLogFile\":\"/var/log/aws-routed-eni/plugin.log\",\"pluginLogLevel\":\"DEBUG\",\"podSGEnforcingMode\":\"strict\",\"runtimeConfig\":{\"io.kubernetes.cri.pod-annotations\":{\"kubernetes.io/config.seen\":\"2026-10-05T08:41:28.433460060Z\",\"kubernetes.io/config.source\":\"api\"}},\"type\":\"aws-cni\",\"vethPrefix\":\"eni\"})"}
{"level":"debug","ts":"2026-10-05T08:41:55.448Z","caller":"routed-eni-cni-plugin/cni.go:149","msg":"Prev Result: <nil>\n"}
{"level":"debug","ts":"2026-10-05T08:41:55.448Z","caller":"routed-eni-cni-plugin/cni.go:149","msg":"MTU value set is 9001:"}
{"level":"debug","ts":"2026-10-05T08:41:55.448Z","caller":"routed-eni-cni-plugin/cni.go:149","msg":"pod requires multi-nic attachment: false"}
{"level":"debug","ts":"2026-10-05T08:41:55.449Z","caller":"routed-eni-cni-plugin/cni.go:190","msg":"Connected to IPAMD via Unix socket: /var/run/aws-node/ipamd.sock"}
{"level":"error","ts":"2026-10-05T08:41:55.450Z","caller":"routed-eni-cni-plugin/cni.go:149","msg":"Failed to assign an IP address to container d6e1d1d2cc65b484d725c26b48299f34e2d69b3a614522986a5b851fee613cd2"}
{"level":"info","ts":"2026-10-05T08:41:55.475Z","caller":"routed-eni-cni-plugin/cni.go:131","msg":"Constructed new logger instance"}
{"level":"debug","ts":"2026-10-05T08:41:55.475Z","caller":"routed-eni-cni-plugin/cni.go:370","msg":"Prev Result: <nil>\n"}
{"level":"info","ts":"2026-10-05T08:41:55.475Z","caller":"routed-eni-cni-plugin/cni.go:370","msg":"Received CNI del request: ContainerID(d6e1d1d2cc65b484d725c26b48299f34e2d69b3a614522986a5b851fee613cd2) Netns(/var/run/netns/cni-eedc61b6-f7f2-e51d-5c8d-c24c7ee62892) IfName(eth0) Args(K8S_POD_NAMESPACE=default;K8S_POD_NAME=pause-68d5b89fc-cc6lc;K8S_POD_INFRA_CONTAINER_ID=d6e1d1d2cc65b484d725c26b48299f34e2d69b3a614522986a5b851fee613cd2;K8S_POD_UID=9c500403-1eff-4562-9498-16be317f6e12;IgnoreUnknown=1) Path(/opt/cni/bin) argsStdinData({\"capabilities\":{\"io.kubernetes.cri.pod-annotations\":true},\"cniVersion\":\"0.4.0\",\"mtu\":\"9001\",\"name\":\"aws-cni\",\"pluginLogFile\":\"/var/log/aws-routed-eni/plugin.log\",\"pluginLogLevel\":\"DEBUG\",\"podSGEnforcingMode\":\"strict\",\"runtimeConfig\":{\"io.kubernetes.cri.pod-annotations\":{\"kubernetes.io/config.seen\":\"2026-10-05T08:41:28.433460060Z\",\"kubernetes.io/config.source\":\"api\"}},\"type\":\"aws-cni\",\"vethPrefix\":\"eni\"})"}
{"level":"debug","ts":"2026-10-05T08:41:55.475Z","caller":"routed-eni-cni-plugin/cni.go:407","msg":"Connected to IPAMD via Unix socket: /var/run/aws-node/ipamd.sock"}
{"level":"info","ts":"2026-10-05T08:41:55.477Z","caller":"routed-eni-cni-plugin/cni.go:370","msg":"Container d6e1d1d2cc65b484d725c26b48299f34e2d69b3a614522986a5b851fee613cd2 not found"}
{"level":"info","ts":"2026-10-05T08:42:05.451Z","caller":"routed-eni-cni-plugin/cni.go:131","msg":"Constructed new logger instance"}
{"level":"info","ts":"2026-10-05T08:42:05.451Z","caller":"routed-eni-cni-plugin/cni.go:149","msg":"Received CNI add request: ContainerID(2bc1aeb0ffeef67b487270c1fc49ce260c76eeb303a203398335c2feee7e0e19) Netns(/var/run/netns/cni-f85c8d1f-143c-a24a-9e62-d1d53315187c) IfName(eth0) Args(K8S_POD_UID=d5824255-e9c5-48aa-b8b8-9ad5649ef2d7;IgnoreUnknown=1;K8S_POD_NAMESPACE=default;K8S_POD_NAME=pause-68d5b89fc-zkk75;K8S_POD_INFRA_CONTAINER_ID=2bc1aeb0ffeef67b487270c1fc49ce260c76eeb303a203398335c2feee7e0e19) Path(/opt/cni/bin) argsStdinData({\"capabilities\":{\"io.kubernetes.cri.pod-annotations\":true},\"cniVersion\":\"0.4.0\",\"mtu\":\"9001\",\"name\":\"aws-cni\",\"pluginLogFile\":\"/var/log/aws-routed-eni/plugin.log\",\"pluginLogLevel\":\"DEBUG\",\"podSGEnforcingMode\":\"strict\",\"runtimeConfig\":{\"io.kubernetes.cri.pod-annotations\":{\"kubernetes.io/config.seen\":\"2026-10-05T08:41:28.378415909Z\",\"kubernetes.io/config.source\":\"api\"}},\"type\":\"aws-cni\",\"vethPrefix\":\"eni\"})"}
{"level":"debug","ts":"2026-10-05T08:42:05.451Z","caller":"routed-eni-cni-plugin/cni.go:149","msg":"Prev Result: <nil>\n"}
{"level":"debug","ts":"2026-10-05T08:42:05.451Z","caller":"routed-eni-cni-plugin/cni.go:149","msg":"MTU value set is 9001:"}
{"level":"debug","ts":"2026-10-05T08:42:05.451Z","caller":"routed-eni-cni-plugin/cni.go:149","msg":"pod requires multi-nic attachment: false"}
{"level":"debug","ts":"2026-10-05T08:42:05.451Z","caller":"routed-eni-cni-plugin/cni.go:190","msg":"Connected to IPAMD via Unix socket: /var/run/aws-node/ipamd.sock"}
{"level":"error","ts":"2026-10-05T08:42:05.453Z","caller":"routed-eni-cni-plugin/cni.go:149","msg":"Failed to assign an IP address to container 2bc1aeb0ffeef67b487270c1fc49ce260c76eeb303a203398335c2feee7e0e19"}
{"level":"info","ts":"2026-10-05T08:42:05.481Z","caller":"routed-eni-cni-plugin/cni.go:131","msg":"Constructed new logger instance"}
{"level":"debug","ts":"2026-10-05T08:42:05.481Z","caller":"routed-eni-cni-plugin/cni.go:370","msg":"Prev Result: <nil>\n"}
{"level":"info","ts":"2026-10-05T08:42:05.481Z","caller":"routed-eni-cni-plugin/cni.go:370","msg":"Received CNI del request: ContainerID(2bc1aeb0ffeef67b487270c1fc49ce260c76eeb303a203398335c2feee7e0e19) Netns(/var/run/netns/cni-f85c8d1f-143c-a24a-9e62-d1d53315187c) IfName(eth0) Args(IgnoreUnknown=1;K8S_POD_NAMESPACE=default;K8S_POD_NAME=pause-68d5b89fc-zkk75;K8S_POD_INFRA_CONTAINER_ID=2bc1aeb0ffeef67b487270c1fc49ce260c76eeb303a203398335c2feee7e0e19;K8S_POD_UID=d5824255-e9c5-48aa-b8b8-9ad5649ef2d7) Path(/opt/cni/bin) argsStdinData({\"capabilities\":{\"io.kubernetes.cri.pod-annotations\":true},\"cniVersion\":\"0.4.0\",\"mtu\":\"9001\",\"name\":\"aws-cni\",\"pluginLogFile\":\"/var/log/aws-routed-eni/plugin.log\",\"pluginLogLevel\":\"DEBUG\",\"podSGEnforcingMode\":\"strict\",\"runtimeConfig\":{\"io.kubernetes.cri.pod-annotations\":{\"kubernetes.io/config.seen\":\"2026-10-05T08:41:28.378415909Z\",\"kubernetes.io/config.source\":\"api\"}},\"type\":\"aws-cni\",\"vethPrefix\":\"eni\"})"}
{"level":"debug","ts":"2026-10-05T08:42:05.484Z","caller":"routed-eni-cni-plugin/cni.go:407","msg":"Connected to IPAMD via Unix socket: /var/run/aws-node/ipamd.sock"}
{"level":"info","ts":"2026-10-05T08:42:05.489Z","caller":"routed-eni-cni-plugin/cni.go:370","msg":"Container 2bc1aeb0ffeef67b487270c1fc49ce260c76eeb303a203398335c2feee7e0e19 not found"}
{"level":"info","ts":"2026-10-05T08:42:09.449Z","caller":"routed-eni-cni-plugin/cni.go:131","msg":"Constructed new logger instance"}
{"level":"info","ts":"2026-10-05T08:42:09.449Z","caller":"routed-eni-cni-plugin/cni.go:149","msg":"Received CNI add request: ContainerID(90b349d440fac879e7e57abd508d0227fe9dcf79520bc31fe27ecd2017e7379c) Netns(/var/run/netns/cni-f13b446d-868e-446a-5752-4d71e318e924) IfName(eth0) Args(K8S_POD_NAME=pause-68d5b89fc-cc6lc;K8S_POD_INFRA_CONTAINER_ID=90b349d440fac879e7e57abd508d0227fe9dcf79520bc31fe27ecd2017e7379c;K8S_POD_UID=9c500403-1eff-4562-9498-16be317f6e12;IgnoreUnknown=1;K8S_POD_NAMESPACE=default) Path(/opt/cni/bin) argsStdinData({\"capabilities\":{\"io.kubernetes.cri.pod-annotations\":true},\"cniVersion\":\"0.4.0\",\"mtu\":\"9001\",\"name\":\"aws-cni\",\"pluginLogFile\":\"/var/log/aws-routed-eni/plugin.log\",\"pluginLogLevel\":\"DEBUG\",\"podSGEnforcingMode\":\"strict\",\"runtimeConfig\":{\"io.kubernetes.cri.pod-annotations\":{\"kubernetes.io/config.seen\":\"2026-10-05T08:41:28.433460060Z\",\"kubernetes.io/config.source\":\"api\"}},\"type\":\"aws-cni\",\"vethPrefix\":\"eni\"})"}
{"level":"debug","ts":"2026-10-05T08:42:09.449Z","caller":"routed-eni-cni-plugin/cni.go:149","msg":"Prev Result: <nil>\n"}
{"level":"debug","ts":"2026-10-05T08:42:09.449Z","caller":"routed-eni-cni-plugin/cni.go:149","msg":"MTU value set is 9001:"}
{"level":"debug","ts":"2026-10-05T08:42:09.449Z","caller":"routed-eni-cni-plugin/cni.go:149","msg":"pod requires multi-nic attachment: false"}
{"level":"debug","ts":"2026-10-05T08:42:09.450Z","caller":"routed-eni-cni-plugin/cni.go:190","msg":"Connected to IPAMD via Unix socket: /var/run/aws-node/ipamd.sock"}
{"level":"error","ts":"2026-10-05T08:42:09.451Z","caller":"routed-eni-cni-plugin/cni.go:149","msg":"Failed to assign an IP address to container 90b349d440fac879e7e57abd508d0227fe9dcf79520bc31fe27ecd2017e7379c"}
{"level":"info","ts":"2026-10-05T08:42:09.478Z","caller":"routed-eni-cni-plugin/cni.go:131","msg":"Constructed new logger instance"}
{"level":"debug","ts":"2026-10-05T08:42:09.478Z","caller":"routed-eni-cni-plugin/cni.go:370","msg":"Prev Result: <nil>\n"}
{"level":"info","ts":"2026-10-05T08:42:09.478Z","caller":"routed-eni-cni-plugin/cni.go:370","msg":"Received CNI del request: ContainerID(90b349d440fac879e7e57abd508d0227fe9dcf79520bc31fe27ecd2017e7379c) Netns(/var/run/netns/cni-f13b446d-868e-446a-5752-4d71e318e924) IfName(eth0) Args(IgnoreUnknown=1;K8S_POD_NAMESPACE=default;K8S_POD_NAME=pause-68d5b89fc-cc6lc;K8S_POD_INFRA_CONTAINER_ID=90b349d440fac879e7e57abd508d0227fe9dcf79520bc31fe27ecd2017e7379c;K8S_POD_UID=9c500403-1eff-4562-9498-16be317f6e12) Path(/opt/cni/bin) argsStdinData({\"capabilities\":{\"io.kubernetes.cri.pod-annotations\":true},\"cniVersion\":\"0.4.0\",\"mtu\":\"9001\",\"name\":\"aws-cni\",\"pluginLogFile\":\"/var/log/aws-routed-eni/plugin.log\",\"pluginLogLevel\":\"DEBUG\",\"podSGEnforcingMode\":\"strict\",\"runtimeConfig\":{\"io.kubernetes.cri.pod-annotations\":{\"kubernetes.io/config.seen\":\"2026-10-05T08:41:28.433460060Z\",\"kubernetes.io/config.source\":\"api\"}},\"type\":\"aws-cni\",\"vethPrefix\":\"eni\"})"}
{"level":"debug","ts":"2026-10-05T08:42:09.479Z","caller":"routed-eni-cni-plugin/cni.go:407","msg":"Connected to IPAMD via Unix socket: /var/run/aws-node/ipamd.sock"}
{"level":"info","ts":"2026-10-05T08:42:09.480Z","caller":"routed-eni-cni-plugin/cni.go:370","msg":"Container 90b349d440fac879e7e57abd508d0227fe9dcf79520bc31fe27ecd2017e7379c not found"}
{"level":"info","ts":"2026-10-05T08:42:18.449Z","caller":"routed-eni-cni-plugin/cni.go:131","msg":"Constructed new logger instance"}
{"level":"info","ts":"2026-10-05T08:42:18.449Z","caller":"routed-eni-cni-plugin/cni.go:149","msg":"Received CNI add request: ContainerID(13fdffc17dbd4bb5d14baa52b71e40df7ce3e1b05d086a947ab2f64d3591e27a) Netns(/var/run/netns/cni-b4f803c5-8c21-ad24-6fbb-e1c5c3abdbfd) IfName(eth0) Args(K8S_POD_INFRA_CONTAINER_ID=13fdffc17dbd4bb5d14baa52b71e40df7ce3e1b05d086a947ab2f64d3591e27a;K8S_POD_UID=d5824255-e9c5-48aa-b8b8-9ad5649ef2d7;IgnoreUnknown=1;K8S_POD_NAMESPACE=default;K8S_POD_NAME=pause-68d5b89fc-zkk75) Path(/opt/cni/bin) argsStdinData({\"capabilities\":{\"io.kubernetes.cri.pod-annotations\":true},\"cniVersion\":\"0.4.0\",\"mtu\":\"9001\",\"name\":\"aws-cni\",\"pluginLogFile\":\"/var/log/aws-routed-eni/plugin.log\",\"pluginLogLevel\":\"DEBUG\",\"podSGEnforcingMode\":\"strict\",\"runtimeConfig\":{\"io.kubernetes.cri.pod-annotations\":{\"kubernetes.io/config.seen\":\"2026-10-05T08:41:28.378415909Z\",\"kubernetes.io/config.source\":\"api\"}},\"type\":\"aws-cni\",\"vethPrefix\":\"eni\"})"}
{"level":"debug","ts":"2026-10-05T08:42:18.449Z","caller":"routed-eni-cni-plugin/cni.go:149","msg":"Prev Result: <nil>\n"}
{"level":"debug","ts":"2026-10-05T08:42:18.449Z","caller":"routed-eni-cni-plugin/cni.go:149","msg":"MTU value set is 9001:"}
{"level":"debug","ts":"2026-10-05T08:42:18.449Z","caller":"routed-eni-cni-plugin/cni.go:149","msg":"pod requires multi-nic attachment: false"}
{"level":"debug","ts":"2026-10-05T08:42:18.450Z","caller":"routed-eni-cni-plugin/cni.go:190","msg":"Connected to IPAMD via Unix socket: /var/run/aws-node/ipamd.sock"}
{"level":"error","ts":"2026-10-05T08:42:18.451Z","caller":"routed-eni-cni-plugin/cni.go:149","msg":"Failed to assign an IP address to container 13fdffc17dbd4bb5d14baa52b71e40df7ce3e1b05d086a947ab2f64d3591e27a"}
{"level":"info","ts":"2026-10-05T08:42:18.474Z","caller":"routed-eni-cni-plugin/cni.go:131","msg":"Constructed new logger instance"}
{"level":"debug","ts":"2026-10-05T08:42:18.474Z","caller":"routed-eni-cni-plugin/cni.go:370","msg":"Prev Result: <nil>\n"}
{"level":"info","ts":"2026-10-05T08:42:18.474Z","caller":"routed-eni-cni-plugin/cni.go:370","msg":"Received CNI del request: ContainerID(13fdffc17dbd4bb5d14baa52b71e40df7ce3e1b05d086a947ab2f64d3591e27a) Netns(/var/run/netns/cni-b4f803c5-8c21-ad24-6fbb-e1c5c3abdbfd) IfName(eth0) Args(IgnoreUnknown=1;K8S_POD_NAMESPACE=default;K8S_POD_NAME=pause-68d5b89fc-zkk75;K8S_POD_INFRA_CONTAINER_ID=13fdffc17dbd4bb5d14baa52b71e40df7ce3e1b05d086a947ab2f64d3591e27a;K8S_POD_UID=d5824255-e9c5-48aa-b8b8-9ad5649ef2d7) Path(/opt/cni/bin) argsStdinData({\"capabilities\":{\"io.kubernetes.cri.pod-annotations\":true},\"cniVersion\":\"0.4.0\",\"mtu\":\"9001\",\"name\":\"aws-cni\",\"pluginLogFile\":\"/var/log/aws-routed-eni/plugin.log\",\"pluginLogLevel\":\"DEBUG\",\"podSGEnforcingMode\":\"strict\",\"runtimeConfig\":{\"io.kubernetes.cri.pod-annotations\":{\"kubernetes.io/config.seen\":\"2026-10-05T08:41:28.378415909Z\",\"kubernetes.io/config.source\":\"api\"}},\"type\":\"aws-cni\",\"vethPrefix\":\"eni\"})"}
{"level":"debug","ts":"2026-10-05T08:42:18.475Z","caller":"routed-eni-cni-plugin/cni.go:407","msg":"Connected to IPAMD via Unix socket: /var/run/aws-node/ipamd.sock"}
{"level":"info","ts":"2026-10-05T08:42:18.476Z","caller":"routed-eni-cni-plugin/cni.go:370","msg":"Container 13fdffc17dbd4bb5d14baa52b71e40df7ce3e1b05d086a947ab2f64d3591e27a not found"}
{"level":"info","ts":"2026-10-05T08:42:23.447Z","caller":"routed-eni-cni-plugin/cni.go:131","msg":"Constructed new logger instance"}
{"level":"info","ts":"2026-10-05T08:42:23.447Z","caller":"routed-eni-cni-plugin/cni.go:149","msg":"Received CNI add request: ContainerID(6f56e4781ea86869fb88e0aaf2c10be9d80b99072a47a22a58da15ddc3cdadad) Netns(/var/run/netns/cni-69e355ab-fb6d-b80c-f321-dffc43be876d) IfName(eth0) Args(K8S_POD_INFRA_CONTAINER_ID=6f56e4781ea86869fb88e0aaf2c10be9d80b99072a47a22a58da15ddc3cdadad;K8S_POD_UID=9c500403-1eff-4562-9498-16be317f6e12;IgnoreUnknown=1;K8S_POD_NAMESPACE=default;K8S_POD_NAME=pause-68d5b89fc-cc6lc) Path(/opt/cni/bin) argsStdinData({\"capabilities\":{\"io.kubernetes.cri.pod-annotations\":true},\"cniVersion\":\"0.4.0\",\"mtu\":\"9001\",\"name\":\"aws-cni\",\"pluginLogFile\":\"/var/log/aws-routed-eni/plugin.log\",\"pluginLogLevel\":\"DEBUG\",\"podSGEnforcingMode\":\"strict\",\"runtimeConfig\":{\"io.kubernetes.cri.pod-annotations\":{\"kubernetes.io/config.seen\":\"2026-10-05T08:41:28.433460060Z\",\"kubernetes.io/config.source\":\"api\"}},\"type\":\"aws-cni\",\"vethPrefix\":\"eni\"})"}
{"level":"debug","ts":"2026-10-05T08:42:23.447Z","caller":"routed-eni-cni-plugin/cni.go:149","msg":"Prev Result: <nil>\n"}
{"level":"debug","ts":"2026-10-05T08:42:23.447Z","caller":"routed-eni-cni-plugin/cni.go:149","msg":"MTU value set is 9001:"}
{"level":"debug","ts":"2026-10-05T08:42:23.447Z","caller":"routed-eni-cni-plugin/cni.go:149","msg":"pod requires multi-nic attachment: false"}
{"level":"debug","ts":"2026-10-05T08:42:23.448Z","caller":"routed-eni-cni-plugin/cni.go:190","msg":"Connected to IPAMD via Unix socket: /var/run/aws-node/ipamd.sock"}
{"level":"error","ts":"2026-10-05T08:42:23.449Z","caller":"routed-eni-cni-plugin/cni.go:149","msg":"Failed to assign an IP address to container 6f56e4781ea86869fb88e0aaf2c10be9d80b99072a47a22a58da15ddc3cdadad"}
{"level":"info","ts":"2026-10-05T08:42:23.472Z","caller":"routed-eni-cni-plugin/cni.go:131","msg":"Constructed new logger instance"}
{"level":"debug","ts":"2026-10-05T08:42:23.472Z","caller":"routed-eni-cni-plugin/cni.go:370","msg":"Prev Result: <nil>\n"}
{"level":"info","ts":"2026-10-05T08:42:23.472Z","caller":"routed-eni-cni-plugin/cni.go:370","msg":"Received CNI del request: ContainerID(6f56e4781ea86869fb88e0aaf2c10be9d80b99072a47a22a58da15ddc3cdadad) Netns(/var/run/netns/cni-69e355ab-fb6d-b80c-f321-dffc43be876d) IfName(eth0) Args(K8S_POD_INFRA_CONTAINER_ID=6f56e4781ea86869fb88e0aaf2c10be9d80b99072a47a22a58da15ddc3cdadad;K8S_POD_UID=9c500403-1eff-4562-9498-16be317f6e12;IgnoreUnknown=1;K8S_POD_NAMESPACE=default;K8S_POD_NAME=pause-68d5b89fc-cc6lc) Path(/opt/cni/bin) argsStdinData({\"capabilities\":{\"io.kubernetes.cri.pod-annotations\":true},\"cniVersion\":\"0.4.0\",\"mtu\":\"9001\",\"name\":\"aws-cni\",\"pluginLogFile\":\"/var/log/aws-routed-eni/plugin.log\",\"pluginLogLevel\":\"DEBUG\",\"podSGEnforcingMode\":\"strict\",\"runtimeConfig\":{\"io.kubernetes.cri.pod-annotations\":{\"kubernetes.io/config.seen\":\"2026-10-05T08:41:28.433460060Z\",\"kubernetes.io/config.source\":\"api\"}},\"type\":\"aws-cni\",\"vethPrefix\":\"eni\"})"}
{"level":"debug","ts":"2026-10-05T08:42:23.473Z","caller":"routed-eni-cni-plugin/cni.go:407","msg":"Connected to IPAMD via Unix socket: /var/run/aws-node/ipamd.sock"}
{"level":"info","ts":"2026-10-05T08:42:23.474Z","caller":"routed-eni-cni-plugin/cni.go:370","msg":"Container 6f56e4781ea86869fb88e0aaf2c10be9d80b99072a47a22a58da15ddc3cdadad not found"}
{"level":"info","ts":"2026-10-05T08:42:30.449Z","caller":"routed-eni-cni-plugin/cni.go:131","msg":"Constructed new logger instance"}
{"level":"info","ts":"2026-10-05T08:42:30.449Z","caller":"routed-eni-cni-plugin/cni.go:149","msg":"Received CNI add request: ContainerID(17da5176f622006ca46016357efa2a50b8284fc882a6c52883632c7cf144c20f) Netns(/var/run/netns/cni-7ffb536c-bf32-0d3d-a9c6-e65d3c7cd36b) IfName(eth0) Args(K8S_POD_NAME=pause-68d5b89fc-zkk75;K8S_POD_INFRA_CONTAINER_ID=17da5176f622006ca46016357efa2a50b8284fc882a6c52883632c7cf144c20f;K8S_POD_UID=d5824255-e9c5-48aa-b8b8-9ad5649ef2d7;IgnoreUnknown=1;K8S_POD_NAMESPACE=default) Path(/opt/cni/bin) argsStdinData({\"capabilities\":{\"io.kubernetes.cri.pod-annotations\":true},\"cniVersion\":\"0.4.0\",\"mtu\":\"9001\",\"name\":\"aws-cni\",\"pluginLogFile\":\"/var/log/aws-routed-eni/plugin.log\",\"pluginLogLevel\":\"DEBUG\",\"podSGEnforcingMode\":\"strict\",\"runtimeConfig\":{\"io.kubernetes.cri.pod-annotations\":{\"kubernetes.io/config.seen\":\"2026-10-05T08:41:28.378415909Z\",\"kubernetes.io/config.source\":\"api\"}},\"type\":\"aws-cni\",\"vethPrefix\":\"eni\"})"}
{"level":"debug","ts":"2026-10-05T08:42:30.449Z","caller":"routed-eni-cni-plugin/cni.go:149","msg":"Prev Result: <nil>\n"}
{"level":"debug","ts":"2026-10-05T08:42:30.449Z","caller":"routed-eni-cni-plugin/cni.go:149","msg":"MTU value set is 9001:"}
{"level":"debug","ts":"2026-10-05T08:42:30.449Z","caller":"routed-eni-cni-plugin/cni.go:149","msg":"pod requires multi-nic attachment: false"}
{"level":"debug","ts":"2026-10-05T08:42:30.449Z","caller":"routed-eni-cni-plugin/cni.go:190","msg":"Connected to IPAMD via Unix socket: /var/run/aws-node/ipamd.sock"}
{"level":"error","ts":"2026-10-05T08:42:30.450Z","caller":"routed-eni-cni-plugin/cni.go:149","msg":"Failed to assign an IP address to container 17da5176f622006ca46016357efa2a50b8284fc882a6c52883632c7cf144c20f"}
{"level":"info","ts":"2026-10-05T08:42:30.474Z","caller":"routed-eni-cni-plugin/cni.go:131","msg":"Constructed new logger instance"}
{"level":"debug","ts":"2026-10-05T08:42:30.474Z","caller":"routed-eni-cni-plugin/cni.go:370","msg":"Prev Result: <nil>\n"}
{"level":"info","ts":"2026-10-05T08:42:30.474Z","caller":"routed-eni-cni-plugin/cni.go:370","msg":"Received CNI del request: ContainerID(17da5176f622006ca46016357efa2a50b8284fc882a6c52883632c7cf144c20f) Netns(/var/run/netns/cni-7ffb536c-bf32-0d3d-a9c6-e65d3c7cd36b) IfName(eth0) Args(IgnoreUnknown=1;K8S_POD_NAMESPACE=default;K8S_POD_NAME=pause-68d5b89fc-zkk75;K8S_POD_INFRA_CONTAINER_ID=17da5176f622006ca46016357efa2a50b8284fc882a6c52883632c7cf144c20f;K8S_POD_UID=d5824255-e9c5-48aa-b8b8-9ad5649ef2d7) Path(/opt/cni/bin) argsStdinData({\"capabilities\":{\"io.kubernetes.cri.pod-annotations\":true},\"cniVersion\":\"0.4.0\",\"mtu\":\"9001\",\"name\":\"aws-cni\",\"pluginLogFile\":\"/var/log/aws-routed-eni/plugin.log\",\"pluginLogLevel\":\"DEBUG\",\"podSGEnforcingMode\":\"strict\",\"runtimeConfig\":{\"io.kubernetes.cri.pod-annotations\":{\"kubernetes.io/config.seen\":\"2026-10-05T08:41:28.378415909Z\",\"kubernetes.io/config.source\":\"api\"}},\"type\":\"aws-cni\",\"vethPrefix\":\"eni\"})"}
{"level":"debug","ts":"2026-10-05T08:42:30.475Z","caller":"routed-eni-cni-plugin/cni.go:407","msg":"Connected to IPAMD via Unix socket: /var/run/aws-node/ipamd.sock"}
{"level":"info","ts":"2026-10-05T08:42:30.476Z","caller":"routed-eni-cni-plugin/cni.go:370","msg":"Container 17da5176f622006ca46016357efa2a50b8284fc882a6c52883632c7cf144c20f not found"}
{"level":"info","ts":"2026-10-05T08:42:34.450Z","caller":"routed-eni-cni-plugin/cni.go:131","msg":"Constructed new logger instance"}
{"level":"info","ts":"2026-10-05T08:42:34.450Z","caller":"routed-eni-cni-plugin/cni.go:149","msg":"Received CNI add request: ContainerID(e69e16bbe57bcc15d4753748c6ac50ada0b3b2170f5c266e0afaebad5d0f67e9) Netns(/var/run/netns/cni-20b1f088-8317-068b-9a4e-f7fb0746d9fc) IfName(eth0) Args(K8S_POD_NAMESPACE=default;K8S_POD_NAME=pause-68d5b89fc-cc6lc;K8S_POD_INFRA_CONTAINER_ID=e69e16bbe57bcc15d4753748c6ac50ada0b3b2170f5c266e0afaebad5d0f67e9;K8S_POD_UID=9c500403-1eff-4562-9498-16be317f6e12;IgnoreUnknown=1) Path(/opt/cni/bin) argsStdinData({\"capabilities\":{\"io.kubernetes.cri.pod-annotations\":true},\"cniVersion\":\"0.4.0\",\"mtu\":\"9001\",\"name\":\"aws-cni\",\"pluginLogFile\":\"/var/log/aws-routed-eni/plugin.log\",\"pluginLogLevel\":\"DEBUG\",\"podSGEnforcingMode\":\"strict\",\"runtimeConfig\":{\"io.kubernetes.cri.pod-annotations\":{\"kubernetes.io/config.seen\":\"2026-10-05T08:41:28.433460060Z\",\"kubernetes.io/config.source\":\"api\"}},\"type\":\"aws-cni\",\"vethPrefix\":\"eni\"})"}
{"level":"debug","ts":"2026-10-05T08:42:34.450Z","caller":"routed-eni-cni-plugin/cni.go:149","msg":"Prev Result: <nil>\n"}
{"level":"debug","ts":"2026-10-05T08:42:34.450Z","caller":"routed-eni-cni-plugin/cni.go:149","msg":"MTU value set is 9001:"}
{"level":"debug","ts":"2026-10-05T08:42:34.450Z","caller":"routed-eni-cni-plugin/cni.go:149","msg":"pod requires multi-nic attachment: false"}
{"level":"debug","ts":"2026-10-05T08:42:34.450Z","caller":"routed-eni-cni-plugin/cni.go:190","msg":"Connected to IPAMD via Unix socket: /var/run/aws-node/ipamd.sock"}
{"level":"error","ts":"2026-10-05T08:42:34.451Z","caller":"routed-eni-cni-plugin/cni.go:149","msg":"Failed to assign an IP address to container e69e16bbe57bcc15d4753748c6ac50ada0b3b2170f5c266e0afaebad5d0f67e9"}
{"level":"info","ts":"2026-10-05T08:42:34.475Z","caller":"routed-eni-cni-plugin/cni.go:131","msg":"Constructed new logger instance"}
{"level":"debug","ts":"2026-10-05T08:42:34.475Z","caller":"routed-eni-cni-plugin/cni.go:370","msg":"Prev Result: <nil>\n"}
{"level":"info","ts":"2026-10-05T08:42:34.475Z","caller":"routed-eni-cni-plugin/cni.go:370","msg":"Received CNI del request: ContainerID(e69e16bbe57bcc15d4753748c6ac50ada0b3b2170f5c266e0afaebad5d0f67e9) Netns(/var/run/netns/cni-20b1f088-8317-068b-9a4e-f7fb0746d9fc) IfName(eth0) Args(K8S_POD_NAME=pause-68d5b89fc-cc6lc;K8S_POD_INFRA_CONTAINER_ID=e69e16bbe57bcc15d4753748c6ac50ada0b3b2170f5c266e0afaebad5d0f67e9;K8S_POD_UID=9c500403-1eff-4562-9498-16be317f6e12;IgnoreUnknown=1;K8S_POD_NAMESPACE=default) Path(/opt/cni/bin) argsStdinData({\"capabilities\":{\"io.kubernetes.cri.pod-annotations\":true},\"cniVersion\":\"0.4.0\",\"mtu\":\"9001\",\"name\":\"aws-cni\",\"pluginLogFile\":\"/var/log/aws-routed-eni/plugin.log\",\"pluginLogLevel\":\"DEBUG\",\"podSGEnforcingMode\":\"strict\",\"runtimeConfig\":{\"io.kubernetes.cri.pod-annotations\":{\"kubernetes.io/config.seen\":\"2026-10-05T08:41:28.433460060Z\",\"kubernetes.io/config.source\":\"api\"}},\"type\":\"aws-cni\",\"vethPrefix\":\"eni\"})"}
{"level":"debug","ts":"2026-10-05T08:42:34.476Z","caller":"routed-eni-cni-plugin/cni.go:407","msg":"Connected to IPAMD via Unix socket: /var/run/aws-node/ipamd.sock"}
{"level":"info","ts":"2026-10-05T08:42:34.477Z","caller":"routed-eni-cni-plugin/cni.go:370","msg":"Container e69e16bbe57bcc15d4753748c6ac50ada0b3b2170f5c266e0afaebad5d0f67e9 not found"}
{"level":"info","ts":"2026-10-05T08:42:44.449Z","caller":"routed-eni-cni-plugin/cni.go:131","msg":"Constructed new logger instance"}
{"level":"info","ts":"2026-10-05T08:42:44.449Z","caller":"routed-eni-cni-plugin/cni.go:149","msg":"Received CNI add request: ContainerID(acef0c54d153e6528214b85c42e4f03d06dad697252136770ab5eefecdb72418) Netns(/var/run/netns/cni-c28ddb10-4455-2981-1302-ef98f4e5da57) IfName(eth0) Args(K8S_POD_NAMESPACE=default;K8S_POD_NAME=pause-68d5b89fc-zkk75;K8S_POD_INFRA_CONTAINER_ID=acef0c54d153e6528214b85c42e4f03d06dad697252136770ab5eefecdb72418;K8S_POD_UID=d5824255-e9c5-48aa-b8b8-9ad5649ef2d7;IgnoreUnknown=1) Path(/opt/cni/bin) argsStdinData({\"capabilities\":{\"io.kubernetes.cri.pod-annotations\":true},\"cniVersion\":\"0.4.0\",\"mtu\":\"9001\",\"name\":\"aws-cni\",\"pluginLogFile\":\"/var/log/aws-routed-eni/plugin.log\",\"pluginLogLevel\":\"DEBUG\",\"podSGEnforcingMode\":\"strict\",\"runtimeConfig\":{\"io.kubernetes.cri.pod-annotations\":{\"kubernetes.io/config.seen\":\"2026-10-05T08:41:28.378415909Z\",\"kubernetes.io/config.source\":\"api\"}},\"type\":\"aws-cni\",\"vethPrefix\":\"eni\"})"}
{"level":"debug","ts":"2026-10-05T08:42:44.449Z","caller":"routed-eni-cni-plugin/cni.go:149","msg":"Prev Result: <nil>\n"}
{"level":"debug","ts":"2026-10-05T08:42:44.449Z","caller":"routed-eni-cni-plugin/cni.go:149","msg":"MTU value set is 9001:"}
{"level":"debug","ts":"2026-10-05T08:42:44.449Z","caller":"routed-eni-cni-plugin/cni.go:149","msg":"pod requires multi-nic attachment: false"}
{"level":"debug","ts":"2026-10-05T08:42:44.450Z","caller":"routed-eni-cni-plugin/cni.go:190","msg":"Connected to IPAMD via Unix socket: /var/run/aws-node/ipamd.sock"}
{"level":"error","ts":"2026-10-05T08:42:44.452Z","caller":"routed-eni-cni-plugin/cni.go:149","msg":"Failed to assign an IP address to container acef0c54d153e6528214b85c42e4f03d06dad697252136770ab5eefecdb72418"}
{"level":"info","ts":"2026-10-05T08:42:44.475Z","caller":"routed-eni-cni-plugin/cni.go:131","msg":"Constructed new logger instance"}
{"level":"debug","ts":"2026-10-05T08:42:44.475Z","caller":"routed-eni-cni-plugin/cni.go:370","msg":"Prev Result: <nil>\n"}
{"level":"info","ts":"2026-10-05T08:42:44.476Z","caller":"routed-eni-cni-plugin/cni.go:370","msg":"Received CNI del request: ContainerID(acef0c54d153e6528214b85c42e4f03d06dad697252136770ab5eefecdb72418) Netns(/var/run/netns/cni-c28ddb10-4455-2981-1302-ef98f4e5da57) IfName(eth0) Args(K8S_POD_NAME=pause-68d5b89fc-zkk75;K8S_POD_INFRA_CONTAINER_ID=acef0c54d153e6528214b85c42e4f03d06dad697252136770ab5eefecdb72418;K8S_POD_UID=d5824255-e9c5-48aa-b8b8-9ad5649ef2d7;IgnoreUnknown=1;K8S_POD_NAMESPACE=default) Path(/opt/cni/bin) argsStdinData({\"capabilities\":{\"io.kubernetes.cri.pod-annotations\":true},\"cniVersion\":\"0.4.0\",\"mtu\":\"9001\",\"name\":\"aws-cni\",\"pluginLogFile\":\"/var/log/aws-routed-eni/plugin.log\",\"pluginLogLevel\":\"DEBUG\",\"podSGEnforcingMode\":\"strict\",\"runtimeConfig\":{\"io.kubernetes.cri.pod-annotations\":{\"kubernetes.io/config.seen\":\"2026-10-05T08:41:28.378415909Z\",\"kubernetes.io/config.source\":\"api\"}},\"type\":\"aws-cni\",\"vethPrefix\":\"eni\"})"}
{"level":"debug","ts":"2026-10-05T08:42:44.476Z","caller":"routed-eni-cni-plugin/cni.go:407","msg":"Connected to IPAMD via Unix socket: /var/run/aws-node/ipamd.sock"}
{"level":"info","ts":"2026-10-05T08:42:44.477Z","caller":"routed-eni-cni-plugin/cni.go:370","msg":"Container acef0c54d153e6528214b85c42e4f03d06dad697252136770ab5eefecdb72418 not found"}
{"level":"info","ts":"2026-10-05T08:42:49.448Z","caller":"routed-eni-cni-plugin/cni.go:131","msg":"Constructed new logger instance"}
{"level":"info","ts":"2026-10-05T08:42:49.448Z","caller":"routed-eni-cni-plugin/cni.go:149","msg":"Received CNI add request: ContainerID(9148653ed6e4b6126266b60544765d1c4311469aa5e683036c07acdcf887a649) Netns(/var/run/netns/cni-7918d043-8a28-c910-d577-61cea3674f60) IfName(eth0) Args(IgnoreUnknown=1;K8S_POD_NAMESPACE=default;K8S_POD_NAME=pause-68d5b89fc-cc6lc;K8S_POD_INFRA_CONTAINER_ID=9148653ed6e4b6126266b60544765d1c4311469aa5e683036c07acdcf887a649;K8S_POD_UID=9c500403-1eff-4562-9498-16be317f6e12) Path(/opt/cni/bin) argsStdinData({\"capabilities\":{\"io.kubernetes.cri.pod-annotations\":true},\"cniVersion\":\"0.4.0\",\"mtu\":\"9001\",\"name\":\"aws-cni\",\"pluginLogFile\":\"/var/log/aws-routed-eni/plugin.log\",\"pluginLogLevel\":\"DEBUG\",\"podSGEnforcingMode\":\"strict\",\"runtimeConfig\":{\"io.kubernetes.cri.pod-annotations\":{\"kubernetes.io/config.seen\":\"2026-10-05T08:41:28.433460060Z\",\"kubernetes.io/config.source\":\"api\"}},\"type\":\"aws-cni\",\"vethPrefix\":\"eni\"})"}
{"level":"debug","ts":"2026-10-05T08:42:49.448Z","caller":"routed-eni-cni-plugin/cni.go:149","msg":"Prev Result: <nil>\n"}
{"level":"debug","ts":"2026-10-05T08:42:49.448Z","caller":"routed-eni-cni-plugin/cni.go:149","msg":"MTU value set is 9001:"}
{"level":"debug","ts":"2026-10-05T08:42:49.448Z","caller":"routed-eni-cni-plugin/cni.go:149","msg":"pod requires multi-nic attachment: false"}
{"level":"debug","ts":"2026-10-05T08:42:49.449Z","caller":"routed-eni-cni-plugin/cni.go:190","msg":"Connected to IPAMD via Unix socket: /var/run/aws-node/ipamd.sock"}
{"level":"error","ts":"2026-10-05T08:42:49.450Z","caller":"routed-eni-cni-plugin/cni.go:149","msg":"Failed to assign an IP address to container 9148653ed6e4b6126266b60544765d1c4311469aa5e683036c07acdcf887a649"}
{"level":"info","ts":"2026-10-05T08:42:49.473Z","caller":"routed-eni-cni-plugin/cni.go:131","msg":"Constructed new logger instance"}
{"level":"debug","ts":"2026-10-05T08:42:49.473Z","caller":"routed-eni-cni-plugin/cni.go:370","msg":"Prev Result: <nil>\n"}
{"level":"info","ts":"2026-10-05T08:42:49.474Z","caller":"routed-eni-cni-plugin/cni.go:370","msg":"Received CNI del request: ContainerID(9148653ed6e4b6126266b60544765d1c4311469aa5e683036c07acdcf887a649) Netns(/var/run/netns/cni-7918d043-8a28-c910-d577-61cea3674f60) IfName(eth0) Args(K8S_POD_NAMESPACE=default;K8S_POD_NAME=pause-68d5b89fc-cc6lc;K8S_POD_INFRA_CONTAINER_ID=9148653ed6e4b6126266b60544765d1c4311469aa5e683036c07acdcf887a649;K8S_POD_UID=9c500403-1eff-4562-9498-16be317f6e12;IgnoreUnknown=1) Path(/opt/cni/bin) argsStdinData({\"capabilities\":{\"io.kubernetes.cri.pod-annotations\":true},\"cniVersion\":\"0.4.0\",\"mtu\":\"9001\",\"name\":\"aws-cni\",\"pluginLogFile\":\"/var/log/aws-routed-eni/plugin.log\",\"pluginLogLevel\":\"DEBUG\",\"podSGEnforcingMode\":\"strict\",\"runtimeConfig\":{\"io.kubernetes.cri.pod-annotations\":{\"kubernetes.io/config.seen\":\"2026-10-05T08:41:28.433460060Z\",\"kubernetes.io/config.source\":\"api\"}},\"type\":\"aws-cni\",\"vethPrefix\":\"eni\"})"}
{"level":"debug","ts":"2026-10-05T08:42:49.474Z","caller":"routed-eni-cni-plugin/cni.go:407","msg":"Connected to IPAMD via Unix socket: /var/run/aws-node/ipamd.sock"}
{"level":"info","ts":"2026-10-05T08:42:49.475Z","caller":"routed-eni-cni-plugin/cni.go:370","msg":"Container 9148653ed6e4b6126266b60544765d1c4311469aa5e683036c07acdcf887a649 not found"}
{"level":"info","ts":"2026-10-05T08:42:59.452Z","caller":"routed-eni-cni-plugin/cni.go:131","msg":"Constructed new logger instance"}
{"level":"info","ts":"2026-10-05T08:42:59.452Z","caller":"routed-eni-cni-plugin/cni.go:149","msg":"Received CNI add request: ContainerID(2d37134cf9891e7e788bc8feff3623f0af128e7ac27e8c186d502f5ef93e0709) Netns(/var/run/netns/cni-58eeb4c1-9f4a-8951-9c44-63e8c8a430a7) IfName(eth0) Args(K8S_POD_NAME=pause-68d5b89fc-zkk75;K8S_POD_INFRA_CONTAINER_ID=2d37134cf9891e7e788bc8feff3623f0af128e7ac27e8c186d502f5ef93e0709;K8S_POD_UID=d5824255-e9c5-48aa-b8b8-9ad5649ef2d7;IgnoreUnknown=1;K8S_POD_NAMESPACE=default) Path(/opt/cni/bin) argsStdinData({\"capabilities\":{\"io.kubernetes.cri.pod-annotations\":true},\"cniVersion\":\"0.4.0\",\"mtu\":\"9001\",\"name\":\"aws-cni\",\"pluginLogFile\":\"/var/log/aws-routed-eni/plugin.log\",\"pluginLogLevel\":\"DEBUG\",\"podSGEnforcingMode\":\"strict\",\"runtimeConfig\":{\"io.kubernetes.cri.pod-annotations\":{\"kubernetes.io/config.seen\":\"2026-10-05T08:41:28.378415909Z\",\"kubernetes.io/config.source\":\"api\"}},\"type\":\"aws-cni\",\"vethPrefix\":\"eni\"})"}
{"level":"debug","ts":"2026-10-05T08:42:59.452Z","caller":"routed-eni-cni-plugin/cni.go:149","msg":"Prev Result: <nil>\n"}
{"level":"debug","ts":"2026-10-05T08:42:59.452Z","caller":"routed-eni-cni-plugin/cni.go:149","msg":"MTU value set is 9001:"}
{"level":"debug","ts":"2026-10-05T08:42:59.452Z","caller":"routed-eni-cni-plugin/cni.go:149","msg":"pod requires multi-nic attachment: false"}
{"level":"debug","ts":"2026-10-05T08:42:59.452Z","caller":"routed-eni-cni-plugin/cni.go:190","msg":"Connected to IPAMD via Unix socket: /var/run/aws-node/ipamd.sock"}
{"level":"error","ts":"2026-10-05T08:42:59.454Z","caller":"routed-eni-cni-plugin/cni.go:149","msg":"Failed to assign an IP address to container 2d37134cf9891e7e788bc8feff3623f0af128e7ac27e8c186d502f5ef93e0709"}
{"level":"info","ts":"2026-10-05T08:42:59.485Z","caller":"routed-eni-cni-plugin/cni.go:131","msg":"Constructed new logger instance"}
{"level":"debug","ts":"2026-10-05T08:42:59.485Z","caller":"routed-eni-cni-plugin/cni.go:370","msg":"Prev Result: <nil>\n"}
{"level":"info","ts":"2026-10-05T08:42:59.485Z","caller":"routed-eni-cni-plugin/cni.go:370","msg":"Received CNI del request: ContainerID(2d37134cf9891e7e788bc8feff3623f0af128e7ac27e8c186d502f5ef93e0709) Netns(/var/run/netns/cni-58eeb4c1-9f4a-8951-9c44-63e8c8a430a7) IfName(eth0) Args(K8S_POD_NAMESPACE=default;K8S_POD_NAME=pause-68d5b89fc-zkk75;K8S_POD_INFRA_CONTAINER_ID=2d37134cf9891e7e788bc8feff3623f0af128e7ac27e8c186d502f5ef93e0709;K8S_POD_UID=d5824255-e9c5-48aa-b8b8-9ad5649ef2d7;IgnoreUnknown=1) Path(/opt/cni/bin) argsStdinData({\"capabilities\":{\"io.kubernetes.cri.pod-annotations\":true},\"cniVersion\":\"0.4.0\",\"mtu\":\"9001\",\"name\":\"aws-cni\",\"pluginLogFile\":\"/var/log/aws-routed-eni/plugin.log\",\"pluginLogLevel\":\"DEBUG\",\"podSGEnforcingMode\":\"strict\",\"runtimeConfig\":{\"io.kubernetes.cri.pod-annotations\":{\"kubernetes.io/config.seen\":\"2026-10-05T08:41:28.378415909Z\",\"kubernetes.io/config.source\":\"api\"}},\"type\":\"aws-cni\",\"vethPrefix\":\"eni\"})"}
{"level":"debug","ts":"2026-10-05T08:42:59.487Z","caller":"routed-eni-cni-plugin/cni.go:407","msg":"Connected to IPAMD via Unix socket: /var/run/aws-node/ipamd.sock"}
{"level":"info","ts":"2026-10-05T08:42:59.488Z","caller":"routed-eni-cni-plugin/cni.go:370","msg":"Container 2d37134cf9891e7e788bc8feff3623f0af128e7ac27e8c186d502f5ef93e0709 not found"}
{"level":"info","ts":"2026-10-05T08:43:00.447Z","caller":"routed-eni-cni-plugin/cni.go:131","msg":"Constructed new logger instance"}
{"level":"info","ts":"2026-10-05T08:43:00.447Z","caller":"routed-eni-cni-plugin/cni.go:149","msg":"Received CNI add request: ContainerID(74b9f70a432fbe948f6dc7cdac915634cce8dfe5dfa599b60b850beadf124ebb) Netns(/var/run/netns/cni-96c61959-2563-8578-9177-241bbf5bbc8a) IfName(eth0) Args(K8S_POD_NAMESPACE=default;K8S_POD_NAME=pause-68d5b89fc-cc6lc;K8S_POD_INFRA_CONTAINER_ID=74b9f70a432fbe948f6dc7cdac915634cce8dfe5dfa599b60b850beadf124ebb;K8S_POD_UID=9c500403-1eff-4562-9498-16be317f6e12;IgnoreUnknown=1) Path(/opt/cni/bin) argsStdinData({\"capabilities\":{\"io.kubernetes.cri.pod-annotations\":true},\"cniVersion\":\"0.4.0\",\"mtu\":\"9001\",\"name\":\"aws-cni\",\"pluginLogFile\":\"/var/log/aws-routed-eni/plugin.log\",\"pluginLogLevel\":\"DEBUG\",\"podSGEnforcingMode\":\"strict\",\"runtimeConfig\":{\"io.kubernetes.cri.pod-annotations\":{\"kubernetes.io/config.seen\":\"2026-10-05T08:41:28.433460060Z\",\"kubernetes.io/config.source\":\"api\"}},\"type\":\"aws-cni\",\"vethPrefix\":\"eni\"})"}
{"level":"debug","ts":"2026-10-05T08:43:00.447Z","caller":"routed-eni-cni-plugin/cni.go:149","msg":"Prev Result: <nil>\n"}
{"level":"debug","ts":"2026-10-05T08:43:00.447Z","caller":"routed-eni-cni-plugin/cni.go:149","msg":"MTU value set is 9001:"}
{"level":"debug","ts":"2026-10-05T08:43:00.447Z","caller":"routed-eni-cni-plugin/cni.go:149","msg":"pod requires multi-nic attachment: false"}
{"level":"debug","ts":"2026-10-05T08:43:00.448Z","caller":"routed-eni-cni-plugin/cni.go:190","msg":"Connected to IPAMD via Unix socket: /var/run/aws-node/ipamd.sock"}
{"level":"error","ts":"2026-10-05T08:43:00.449Z","caller":"routed-eni-cni-plugin/cni.go:149","msg":"Failed to assign an IP address to container 74b9f70a432fbe948f6dc7cdac915634cce8dfe5dfa599b60b850beadf124ebb"}
{"level":"info","ts":"2026-10-05T08:43:00.473Z","caller":"routed-eni-cni-plugin/cni.go:131","msg":"Constructed new logger instance"}
{"level":"debug","ts":"2026-10-05T08:43:00.473Z","caller":"routed-eni-cni-plugin/cni.go:370","msg":"Prev Result: <nil>\n"}
{"level":"info","ts":"2026-10-05T08:43:00.473Z","caller":"routed-eni-cni-plugin/cni.go:370","msg":"Received CNI del request: ContainerID(74b9f70a432fbe948f6dc7cdac915634cce8dfe5dfa599b60b850beadf124ebb) Netns(/var/run/netns/cni-96c61959-2563-8578-9177-241bbf5bbc8a) IfName(eth0) Args(K8S_POD_NAMESPACE=default;K8S_POD_NAME=pause-68d5b89fc-cc6lc;K8S_POD_INFRA_CONTAINER_ID=74b9f70a432fbe948f6dc7cdac915634cce8dfe5dfa599b60b850beadf124ebb;K8S_POD_UID=9c500403-1eff-4562-9498-16be317f6e12;IgnoreUnknown=1) Path(/opt/cni/bin) argsStdinData({\"capabilities\":{\"io.kubernetes.cri.pod-annotations\":true},\"cniVersion\":\"0.4.0\",\"mtu\":\"9001\",\"name\":\"aws-cni\",\"pluginLogFile\":\"/var/log/aws-routed-eni/plugin.log\",\"pluginLogLevel\":\"DEBUG\",\"podSGEnforcingMode\":\"strict\",\"runtimeConfig\":{\"io.kubernetes.cri.pod-annotations\":{\"kubernetes.io/config.seen\":\"2026-10-05T08:41:28.433460060Z\",\"kubernetes.io/config.source\":\"api\"}},\"type\":\"aws-cni\",\"vethPrefix\":\"eni\"})"}
{"level":"debug","ts":"2026-10-05T08:43:00.474Z","caller":"routed-eni-cni-plugin/cni.go:407","msg":"Connected to IPAMD via Unix socket: /var/run/aws-node/ipamd.sock"}
{"level":"info","ts":"2026-10-05T08:43:00.475Z","caller":"routed-eni-cni-plugin/cni.go:370","msg":"Container 74b9f70a432fbe948f6dc7cdac915634cce8dfe5dfa599b60b850beadf124ebb not found"}
{"level":"info","ts":"2026-10-05T08:43:12.450Z","caller":"routed-eni-cni-plugin/cni.go:131","msg":"Constructed new logger instance"}
{"level":"info","ts":"2026-10-05T08:43:12.450Z","caller":"routed-eni-cni-plugin/cni.go:149","msg":"Received CNI add request: ContainerID(8d19c90310e0d6b8fcfdac9a34ee9a6907551711c334c00bfcd3b36aae309102) Netns(/var/run/netns/cni-b56bfcfb-40a7-a9a9-af12-484aeaece620) IfName(eth0) Args(K8S_POD_NAME=pause-68d5b89fc-cc6lc;K8S_POD_INFRA_CONTAINER_ID=8d19c90310e0d6b8fcfdac9a34ee9a6907551711c334c00bfcd3b36aae309102;K8S_POD_UID=9c500403-1eff-4562-9498-16be317f6e12;IgnoreUnknown=1;K8S_POD_NAMESPACE=default) Path(/opt/cni/bin) argsStdinData({\"capabilities\":{\"io.kubernetes.cri.pod-annotations\":true},\"cniVersion\":\"0.4.0\",\"mtu\":\"9001\",\"name\":\"aws-cni\",\"pluginLogFile\":\"/var/log/aws-routed-eni/plugin.log\",\"pluginLogLevel\":\"DEBUG\",\"podSGEnforcingMode\":\"strict\",\"runtimeConfig\":{\"io.kubernetes.cri.pod-annotations\":{\"kubernetes.io/config.seen\":\"2026-10-05T08:41:28.433460060Z\",\"kubernetes.io/config.source\":\"api\"}},\"type\":\"aws-cni\",\"vethPrefix\":\"eni\"})"}
{"level":"debug","ts":"2026-10-05T08:43:12.450Z","caller":"routed-eni-cni-plugin/cni.go:149","msg":"Prev Result: <nil>\n"}
{"level":"debug","ts":"2026-10-05T08:43:12.450Z","caller":"routed-eni-cni-plugin/cni.go:149","msg":"MTU value set is 9001:"}
{"level":"debug","ts":"2026-10-05T08:43:12.450Z","caller":"routed-eni-cni-plugin/cni.go:149","msg":"pod requires multi-nic attachment: false"}
{"level":"debug","ts":"2026-10-05T08:43:12.450Z","caller":"routed-eni-cni-plugin/cni.go:190","msg":"Connected to IPAMD via Unix socket: /var/run/aws-node/ipamd.sock"}
{"level":"error","ts":"2026-10-05T08:43:12.452Z","caller":"routed-eni-cni-plugin/cni.go:149","msg":"Failed to assign an IP address to container 8d19c90310e0d6b8fcfdac9a34ee9a6907551711c334c00bfcd3b36aae309102"}
{"level":"info","ts":"2026-10-05T08:43:12.476Z","caller":"routed-eni-cni-plugin/cni.go:131","msg":"Constructed new logger instance"}
{"level":"debug","ts":"2026-10-05T08:43:12.476Z","caller":"routed-eni-cni-plugin/cni.go:370","msg":"Prev Result: <nil>\n"}
{"level":"info","ts":"2026-10-05T08:43:12.476Z","caller":"routed-eni-cni-plugin/cni.go:370","msg":"Received CNI del request: ContainerID(8d19c90310e0d6b8fcfdac9a34ee9a6907551711c334c00bfcd3b36aae309102) Netns(/var/run/netns/cni-b56bfcfb-40a7-a9a9-af12-484aeaece620) IfName(eth0) Args(IgnoreUnknown=1;K8S_POD_NAMESPACE=default;K8S_POD_NAME=pause-68d5b89fc-cc6lc;K8S_POD_INFRA_CONTAINER_ID=8d19c90310e0d6b8fcfdac9a34ee9a6907551711c334c00bfcd3b36aae309102;K8S_POD_UID=9c500403-1eff-4562-9498-16be317f6e12) Path(/opt/cni/bin) argsStdinData({\"capabilities\":{\"io.kubernetes.cri.pod-annotations\":true},\"cniVersion\":\"0.4.0\",\"mtu\":\"9001\",\"name\":\"aws-cni\",\"pluginLogFile\":\"/var/log/aws-routed-eni/plugin.log\",\"pluginLogLevel\":\"DEBUG\",\"podSGEnforcingMode\":\"strict\",\"runtimeConfig\":{\"io.kubernetes.cri.pod-annotations\":{\"kubernetes.io/config.seen\":\"2026-10-05T08:41:28.433460060Z\",\"kubernetes.io/config.source\":\"api\"}},\"type\":\"aws-cni\",\"vethPrefix\":\"eni\"})"}
{"level":"debug","ts":"2026-10-05T08:43:12.477Z","caller":"routed-eni-cni-plugin/cni.go:407","msg":"Connected to IPAMD via Unix socket: /var/run/aws-node/ipamd.sock"}
{"level":"info","ts":"2026-10-05T08:43:12.478Z","caller":"routed-eni-cni-plugin/cni.go:370","msg":"Container 8d19c90310e0d6b8fcfdac9a34ee9a6907551711c334c00bfcd3b36aae309102 not found"}
{"level":"info","ts":"2026-10-05T08:43:13.450Z","caller":"routed-eni-cni-plugin/cni.go:131","msg":"Constructed new logger instance"}
{"level":"info","ts":"2026-10-05T08:43:13.450Z","caller":"routed-eni-cni-plugin/cni.go:149","msg":"Received CNI add request: ContainerID(cfb11cecd6c0792cb2a1fdef352f0041fc1ca803f646acce9cca015b9c6b0af3) Netns(/var/run/netns/cni-44246e21-ad1d-2778-10e7-ecca537a2aec) IfName(eth0) Args(K8S_POD_NAMESPACE=default;K8S_POD_NAME=pause-68d5b89fc-zkk75;K8S_POD_INFRA_CONTAINER_ID=cfb11cecd6c0792cb2a1fdef352f0041fc1ca803f646acce9cca015b9c6b0af3;K8S_POD_UID=d5824255-e9c5-48aa-b8b8-9ad5649ef2d7;IgnoreUnknown=1) Path(/opt/cni/bin) argsStdinData({\"capabilities\":{\"io.kubernetes.cri.pod-annotations\":true},\"cniVersion\":\"0.4.0\",\"mtu\":\"9001\",\"name\":\"aws-cni\",\"pluginLogFile\":\"/var/log/aws-routed-eni/plugin.log\",\"pluginLogLevel\":\"DEBUG\",\"podSGEnforcingMode\":\"strict\",\"runtimeConfig\":{\"io.kubernetes.cri.pod-annotations\":{\"kubernetes.io/config.seen\":\"2026-10-05T08:41:28.378415909Z\",\"kubernetes.io/config.source\":\"api\"}},\"type\":\"aws-cni\",\"vethPrefix\":\"eni\"})"}
{"level":"debug","ts":"2026-10-05T08:43:13.450Z","caller":"routed-eni-cni-plugin/cni.go:149","msg":"Prev Result: <nil>\n"}
{"level":"debug","ts":"2026-10-05T08:43:13.450Z","caller":"routed-eni-cni-plugin/cni.go:149","msg":"MTU value set is 9001:"}
{"level":"debug","ts":"2026-10-05T08:43:13.450Z","caller":"routed-eni-cni-plugin/cni.go:149","msg":"pod requires multi-nic attachment: false"}
{"level":"debug","ts":"2026-10-05T08:43:13.450Z","caller":"routed-eni-cni-plugin/cni.go:190","msg":"Connected to IPAMD via Unix socket: /var/run/aws-node/ipamd.sock"}
{"level":"error","ts":"2026-10-05T08:43:13.451Z","caller":"routed-eni-cni-plugin/cni.go:149","msg":"Failed to assign an IP address to container cfb11cecd6c0792cb2a1fdef352f0041fc1ca803f646acce9cca015b9c6b0af3"}
{"level":"info","ts":"2026-10-05T08:43:13.475Z","caller":"routed-eni-cni-plugin/cni.go:131","msg":"Constructed new logger instance"}
{"level":"debug","ts":"2026-10-05T08:43:13.475Z","caller":"routed-eni-cni-plugin/cni.go:370","msg":"Prev Result: <nil>\n"}
{"level":"info","ts":"2026-10-05T08:43:13.475Z","caller":"routed-eni-cni-plugin/cni.go:370","msg":"Received CNI del request: ContainerID(cfb11cecd6c0792cb2a1fdef352f0041fc1ca803f646acce9cca015b9c6b0af3) Netns(/var/run/netns/cni-44246e21-ad1d-2778-10e7-ecca537a2aec) IfName(eth0) Args(K8S_POD_NAME=pause-68d5b89fc-zkk75;K8S_POD_INFRA_CONTAINER_ID=cfb11cecd6c0792cb2a1fdef352f0041fc1ca803f646acce9cca015b9c6b0af3;K8S_POD_UID=d5824255-e9c5-48aa-b8b8-9ad5649ef2d7;IgnoreUnknown=1;K8S_POD_NAMESPACE=default) Path(/opt/cni/bin) argsStdinData({\"capabilities\":{\"io.kubernetes.cri.pod-annotations\":true},\"cniVersion\":\"0.4.0\",\"mtu\":\"9001\",\"name\":\"aws-cni\",\"pluginLogFile\":\"/var/log/aws-routed-eni/plugin.log\",\"pluginLogLevel\":\"DEBUG\",\"podSGEnforcingMode\":\"strict\",\"runtimeConfig\":{\"io.kubernetes.cri.pod-annotations\":{\"kubernetes.io/config.seen\":\"2026-10-05T08:41:28.378415909Z\",\"kubernetes.io/config.source\":\"api\"}},\"type\":\"aws-cni\",\"vethPrefix\":\"eni\"})"}
{"level":"debug","ts":"2026-10-05T08:43:13.476Z","caller":"routed-eni-cni-plugin/cni.go:407","msg":"Connected to IPAMD via Unix socket: /var/run/aws-node/ipamd.sock"}
{"level":"info","ts":"2026-10-05T08:43:13.477Z","caller":"routed-eni-cni-plugin/cni.go:370","msg":"Container cfb11cecd6c0792cb2a1fdef352f0041fc1ca803f646acce9cca015b9c6b0af3 not found"}
{"level":"info","ts":"2026-10-05T08:43:24.453Z","caller":"routed-eni-cni-plugin/cni.go:131","msg":"Constructed new logger instance"}
{"level":"info","ts":"2026-10-05T08:43:24.453Z","caller":"routed-eni-cni-plugin/cni.go:149","msg":"Received CNI add request: ContainerID(9141528502dccb2c912446eb5d26e1af677b9a36af7859331a8514dd1c40efb3) Netns(/var/run/netns/cni-9c0fb8c7-28dc-aa15-910f-92cb8c4a3b18) IfName(eth0) Args(K8S_POD_NAMESPACE=default;K8S_POD_NAME=pause-68d5b89fc-cc6lc;K8S_POD_INFRA_CONTAINER_ID=9141528502dccb2c912446eb5d26e1af677b9a36af7859331a8514dd1c40efb3;K8S_POD_UID=9c500403-1eff-4562-9498-16be317f6e12;IgnoreUnknown=1) Path(/opt/cni/bin) argsStdinData({\"capabilities\":{\"io.kubernetes.cri.pod-annotations\":true},\"cniVersion\":\"0.4.0\",\"mtu\":\"9001\",\"name\":\"aws-cni\",\"pluginLogFile\":\"/var/log/aws-routed-eni/plugin.log\",\"pluginLogLevel\":\"DEBUG\",\"podSGEnforcingMode\":\"strict\",\"runtimeConfig\":{\"io.kubernetes.cri.pod-annotations\":{\"kubernetes.io/config.seen\":\"2026-10-05T08:41:28.433460060Z\",\"kubernetes.io/config.source\":\"api\"}},\"type\":\"aws-cni\",\"vethPrefix\":\"eni\"})"}
{"level":"debug","ts":"2026-10-05T08:43:24.453Z","caller":"routed-eni-cni-plugin/cni.go:149","msg":"Prev Result: <nil>\n"}
{"level":"debug","ts":"2026-10-05T08:43:24.453Z","caller":"routed-eni-cni-plugin/cni.go:149","msg":"MTU value set is 9001:"}
{"level":"debug","ts":"2026-10-05T08:43:24.453Z","caller":"routed-eni-cni-plugin/cni.go:149","msg":"pod requires multi-nic attachment: false"}
{"level":"debug","ts":"2026-10-05T08:43:24.454Z","caller":"routed-eni-cni-plugin/cni.go:190","msg":"Connected to IPAMD via Unix socket: /var/run/aws-node/ipamd.sock"}
{"level":"error","ts":"2026-10-05T08:43:24.455Z","caller":"routed-eni-cni-plugin/cni.go:149","msg":"Failed to assign an IP address to container 9141528502dccb2c912446eb5d26e1af677b9a36af7859331a8514dd1c40efb3"}
{"level":"info","ts":"2026-10-05T08:43:24.477Z","caller":"routed-eni-cni-plugin/cni.go:131","msg":"Constructed new logger instance"}
{"level":"debug","ts":"2026-10-05T08:43:24.477Z","caller":"routed-eni-cni-plugin/cni.go:370","msg":"Prev Result: <nil>\n"}
{"level":"info","ts":"2026-10-05T08:43:24.477Z","caller":"routed-eni-cni-plugin/cni.go:370","msg":"Received CNI del request: ContainerID(9141528502dccb2c912446eb5d26e1af677b9a36af7859331a8514dd1c40efb3) Netns(/var/run/netns/cni-9c0fb8c7-28dc-aa15-910f-92cb8c4a3b18) IfName(eth0) Args(K8S_POD_NAME=pause-68d5b89fc-cc6lc;K8S_POD_INFRA_CONTAINER_ID=9141528502dccb2c912446eb5d26e1af677b9a36af7859331a8514dd1c40efb3;K8S_POD_UID=9c500403-1eff-4562-9498-16be317f6e12;IgnoreUnknown=1;K8S_POD_NAMESPACE=default) Path(/opt/cni/bin) argsStdinData({\"capabilities\":{\"io.kubernetes.cri.pod-annotations\":true},\"cniVersion\":\"0.4.0\",\"mtu\":\"9001\",\"name\":\"aws-cni\",\"pluginLogFile\":\"/var/log/aws-routed-eni/plugin.log\",\"pluginLogLevel\":\"DEBUG\",\"podSGEnforcingMode\":\"strict\",\"runtimeConfig\":{\"io.kubernetes.cri.pod-annotations\":{\"kubernetes.io/config.seen\":\"2026-10-05T08:41:28.433460060Z\",\"kubernetes.io/config.source\":\"api\"}},\"type\":\"aws-cni\",\"vethPrefix\":\"eni\"})"}
{"level":"debug","ts":"2026-10-05T08:43:24.478Z","caller":"routed-eni-cni-plugin/cni.go:407","msg":"Connected to IPAMD via Unix socket: /var/run/aws-node/ipamd.sock"}
{"level":"info","ts":"2026-10-05T08:43:24.479Z","caller":"routed-eni-cni-plugin/cni.go:370","msg":"Container 9141528502dccb2c912446eb5d26e1af677b9a36af7859331a8514dd1c40efb3 not found"}
{"level":"info","ts":"2026-10-05T08:43:27.449Z","caller":"routed-eni-cni-plugin/cni.go:131","msg":"Constructed new logger instance"}
{"level":"info","ts":"2026-10-05T08:43:27.449Z","caller":"routed-eni-cni-plugin/cni.go:149","msg":"Received CNI add request: ContainerID(ce0b74f5bea3354eeb51e811fa3199c374e99cd189e138ea818ba2389235c982) Netns(/var/run/netns/cni-6df9badd-4969-86aa-205e-6c92a29908c6) IfName(eth0) Args(K8S_POD_INFRA_CONTAINER_ID=ce0b74f5bea3354eeb51e811fa3199c374e99cd189e138ea818ba2389235c982;K8S_POD_UID=d5824255-e9c5-48aa-b8b8-9ad5649ef2d7;IgnoreUnknown=1;K8S_POD_NAMESPACE=default;K8S_POD_NAME=pause-68d5b89fc-zkk75) Path(/opt/cni/bin) argsStdinData({\"capabilities\":{\"io.kubernetes.cri.pod-annotations\":true},\"cniVersion\":\"0.4.0\",\"mtu\":\"9001\",\"name\":\"aws-cni\",\"pluginLogFile\":\"/var/log/aws-routed-eni/plugin.log\",\"pluginLogLevel\":\"DEBUG\",\"podSGEnforcingMode\":\"strict\",\"runtimeConfig\":{\"io.kubernetes.cri.pod-annotations\":{\"kubernetes.io/config.seen\":\"2026-10-05T08:41:28.378415909Z\",\"kubernetes.io/config.source\":\"api\"}},\"type\":\"aws-cni\",\"vethPrefix\":\"eni\"})"}
{"level":"debug","ts":"2026-10-05T08:43:27.449Z","caller":"routed-eni-cni-plugin/cni.go:149","msg":"Prev Result: <nil>\n"}
{"level":"debug","ts":"2026-10-05T08:43:27.449Z","caller":"routed-eni-cni-plugin/cni.go:149","msg":"MTU value set is 9001:"}
{"level":"debug","ts":"2026-10-05T08:43:27.449Z","caller":"routed-eni-cni-plugin/cni.go:149","msg":"pod requires multi-nic attachment: false"}
{"level":"debug","ts":"2026-10-05T08:43:27.450Z","caller":"routed-eni-cni-plugin/cni.go:190","msg":"Connected to IPAMD via Unix socket: /var/run/aws-node/ipamd.sock"}
{"level":"error","ts":"2026-10-05T08:43:27.451Z","caller":"routed-eni-cni-plugin/cni.go:149","msg":"Failed to assign an IP address to container ce0b74f5bea3354eeb51e811fa3199c374e99cd189e138ea818ba2389235c982"}
{"level":"info","ts":"2026-10-05T08:43:27.476Z","caller":"routed-eni-cni-plugin/cni.go:131","msg":"Constructed new logger instance"}
{"level":"debug","ts":"2026-10-05T08:43:27.476Z","caller":"routed-eni-cni-plugin/cni.go:370","msg":"Prev Result: <nil>\n"}
{"level":"info","ts":"2026-10-05T08:43:27.476Z","caller":"routed-eni-cni-plugin/cni.go:370","msg":"Received CNI del request: ContainerID(ce0b74f5bea3354eeb51e811fa3199c374e99cd189e138ea818ba2389235c982) Netns(/var/run/netns/cni-6df9badd-4969-86aa-205e-6c92a29908c6) IfName(eth0) Args(K8S_POD_NAME=pause-68d5b89fc-zkk75;K8S_POD_INFRA_CONTAINER_ID=ce0b74f5bea3354eeb51e811fa3199c374e99cd189e138ea818ba2389235c982;K8S_POD_UID=d5824255-e9c5-48aa-b8b8-9ad5649ef2d7;IgnoreUnknown=1;K8S_POD_NAMESPACE=default) Path(/opt/cni/bin) argsStdinData({\"capabilities\":{\"io.kubernetes.cri.pod-annotations\":true},\"cniVersion\":\"0.4.0\",\"mtu\":\"9001\",\"name\":\"aws-cni\",\"pluginLogFile\":\"/var/log/aws-routed-eni/plugin.log\",\"pluginLogLevel\":\"DEBUG\",\"podSGEnforcingMode\":\"strict\",\"runtimeConfig\":{\"io.kubernetes.cri.pod-annotations\":{\"kubernetes.io/config.seen\":\"2026-10-05T08:41:28.378415909Z\",\"kubernetes.io/config.source\":\"api\"}},\"type\":\"aws-cni\",\"vethPrefix\":\"eni\"})"}
{"level":"debug","ts":"2026-10-05T08:43:27.477Z","caller":"routed-eni-cni-plugin/cni.go:407","msg":"Connected to IPAMD via Unix socket: /var/run/aws-node/ipamd.sock"}
{"level":"info","ts":"2026-10-05T08:43:27.478Z","caller":"routed-eni-cni-plugin/cni.go:370","msg":"Container ce0b74f5bea3354eeb51e811fa3199c374e99cd189e138ea818ba2389235c982 not found"}
{"level":"info","ts":"2026-10-05T08:43:35.448Z","caller":"routed-eni-cni-plugin/cni.go:131","msg":"Constructed new logger instance"}
{"level":"info","ts":"2026-10-05T08:43:35.448Z","caller":"routed-eni-cni-plugin/cni.go:149","msg":"Received CNI add request: ContainerID(3c551de10b850ebfbfe2bc73bf4da2a94e844b81edf13dda4b93dce070628790) Netns(/var/run/netns/cni-d654c8e2-764d-9766-0f82-7f3afd6e9d29) IfName(eth0) Args(K8S_POD_UID=9c500403-1eff-4562-9498-16be317f6e12;IgnoreUnknown=1;K8S_POD_NAMESPACE=default;K8S_POD_NAME=pause-68d5b89fc-cc6lc;K8S_POD_INFRA_CONTAINER_ID=3c551de10b850ebfbfe2bc73bf4da2a94e844b81edf13dda4b93dce070628790) Path(/opt/cni/bin) argsStdinData({\"capabilities\":{\"io.kubernetes.cri.pod-annotations\":true},\"cniVersion\":\"0.4.0\",\"mtu\":\"9001\",\"name\":\"aws-cni\",\"pluginLogFile\":\"/var/log/aws-routed-eni/plugin.log\",\"pluginLogLevel\":\"DEBUG\",\"podSGEnforcingMode\":\"strict\",\"runtimeConfig\":{\"io.kubernetes.cri.pod-annotations\":{\"kubernetes.io/config.seen\":\"2026-10-05T08:41:28.433460060Z\",\"kubernetes.io/config.source\":\"api\"}},\"type\":\"aws-cni\",\"vethPrefix\":\"eni\"})"}
{"level":"debug","ts":"2026-10-05T08:43:35.448Z","caller":"routed-eni-cni-plugin/cni.go:149","msg":"Prev Result: <nil>\n"}
{"level":"debug","ts":"2026-10-05T08:43:35.448Z","caller":"routed-eni-cni-plugin/cni.go:149","msg":"MTU value set is 9001:"}
{"level":"debug","ts":"2026-10-05T08:43:35.448Z","caller":"routed-eni-cni-plugin/cni.go:149","msg":"pod requires multi-nic attachment: false"}
{"level":"debug","ts":"2026-10-05T08:43:35.450Z","caller":"routed-eni-cni-plugin/cni.go:190","msg":"Connected to IPAMD via Unix socket: /var/run/aws-node/ipamd.sock"}
{"level":"error","ts":"2026-10-05T08:43:35.451Z","caller":"routed-eni-cni-plugin/cni.go:149","msg":"Failed to assign an IP address to container 3c551de10b850ebfbfe2bc73bf4da2a94e844b81edf13dda4b93dce070628790"}
{"level":"info","ts":"2026-10-05T08:43:35.475Z","caller":"routed-eni-cni-plugin/cni.go:131","msg":"Constructed new logger instance"}
{"level":"debug","ts":"2026-10-05T08:43:35.475Z","caller":"routed-eni-cni-plugin/cni.go:370","msg":"Prev Result: <nil>\n"}
{"level":"info","ts":"2026-10-05T08:43:35.475Z","caller":"routed-eni-cni-plugin/cni.go:370","msg":"Received CNI del request: ContainerID(3c551de10b850ebfbfe2bc73bf4da2a94e844b81edf13dda4b93dce070628790) Netns(/var/run/netns/cni-d654c8e2-764d-9766-0f82-7f3afd6e9d29) IfName(eth0) Args(K8S_POD_UID=9c500403-1eff-4562-9498-16be317f6e12;IgnoreUnknown=1;K8S_POD_NAMESPACE=default;K8S_POD_NAME=pause-68d5b89fc-cc6lc;K8S_POD_INFRA_CONTAINER_ID=3c551de10b850ebfbfe2bc73bf4da2a94e844b81edf13dda4b93dce070628790) Path(/opt/cni/bin) argsStdinData({\"capabilities\":{\"io.kubernetes.cri.pod-annotations\":true},\"cniVersion\":\"0.4.0\",\"mtu\":\"9001\",\"name\":\"aws-cni\",\"pluginLogFile\":\"/var/log/aws-routed-eni/plugin.log\",\"pluginLogLevel\":\"DEBUG\",\"podSGEnforcingMode\":\"strict\",\"runtimeConfig\":{\"io.kubernetes.cri.pod-annotations\":{\"kubernetes.io/config.seen\":\"2026-10-05T08:41:28.433460060Z\",\"kubernetes.io/config.source\":\"api\"}},\"type\":\"aws-cni\",\"vethPrefix\":\"eni\"})"}
{"level":"debug","ts":"2026-10-05T08:43:35.475Z","caller":"routed-eni-cni-plugin/cni.go:407","msg":"Connected to IPAMD via Unix socket: /var/run/aws-node/ipamd.sock"}
{"level":"info","ts":"2026-10-05T08:43:35.476Z","caller":"routed-eni-cni-plugin/cni.go:370","msg":"Container 3c551de10b850ebfbfe2bc73bf4da2a94e844b81edf13dda4b93dce070628790 not found"}
{"level":"info","ts":"2026-10-05T08:43:40.448Z","caller":"routed-eni-cni-plugin/cni.go:131","msg":"Constructed new logger instance"}
{"level":"info","ts":"2026-10-05T08:43:40.448Z","caller":"routed-eni-cni-plugin/cni.go:149","msg":"Received CNI add request: ContainerID(aa64e04776af65e304f5dda10677443550b8e178f858f9abc1b03ad6d4ff47a2) Netns(/var/run/netns/cni-17a564f0-d6e6-a68f-e7e1-900c8a177782) IfName(eth0) Args(K8S_POD_NAMESPACE=default;K8S_POD_NAME=pause-68d5b89fc-zkk75;K8S_POD_INFRA_CONTAINER_ID=aa64e04776af65e304f5dda10677443550b8e178f858f9abc1b03ad6d4ff47a2;K8S_POD_UID=d5824255-e9c5-48aa-b8b8-9ad5649ef2d7;IgnoreUnknown=1) Path(/opt/cni/bin) argsStdinData({\"capabilities\":{\"io.kubernetes.cri.pod-annotations\":true},\"cniVersion\":\"0.4.0\",\"mtu\":\"9001\",\"name\":\"aws-cni\",\"pluginLogFile\":\"/var/log/aws-routed-eni/plugin.log\",\"pluginLogLevel\":\"DEBUG\",\"podSGEnforcingMode\":\"strict\",\"runtimeConfig\":{\"io.kubernetes.cri.pod-annotations\":{\"kubernetes.io/config.seen\":\"2026-10-05T08:41:28.378415909Z\",\"kubernetes.io/config.source\":\"api\"}},\"type\":\"aws-cni\",\"vethPrefix\":\"eni\"})"}
{"level":"debug","ts":"2026-10-05T08:43:40.448Z","caller":"routed-eni-cni-plugin/cni.go:149","msg":"Prev Result: <nil>\n"}
{"level":"debug","ts":"2026-10-05T08:43:40.448Z","caller":"routed-eni-cni-plugin/cni.go:149","msg":"MTU value set is 9001:"}
{"level":"debug","ts":"2026-10-05T08:43:40.448Z","caller":"routed-eni-cni-plugin/cni.go:149","msg":"pod requires multi-nic attachment: false"}
{"level":"debug","ts":"2026-10-05T08:43:40.449Z","caller":"routed-eni-cni-plugin/cni.go:190","msg":"Connected to IPAMD via Unix socket: /var/run/aws-node/ipamd.sock"}
{"level":"error","ts":"2026-10-05T08:43:40.451Z","caller":"routed-eni-cni-plugin/cni.go:149","msg":"Failed to assign an IP address to container aa64e04776af65e304f5dda10677443550b8e178f858f9abc1b03ad6d4ff47a2"}
{"level":"info","ts":"2026-10-05T08:43:40.473Z","caller":"routed-eni-cni-plugin/cni.go:131","msg":"Constructed new logger instance"}
{"level":"debug","ts":"2026-10-05T08:43:40.474Z","caller":"routed-eni-cni-plugin/cni.go:370","msg":"Prev Result: <nil>\n"}
{"level":"info","ts":"2026-10-05T08:43:40.474Z","caller":"routed-eni-cni-plugin/cni.go:370","msg":"Received CNI del request: ContainerID(aa64e04776af65e304f5dda10677443550b8e178f858f9abc1b03ad6d4ff47a2) Netns(/var/run/netns/cni-17a564f0-d6e6-a68f-e7e1-900c8a177782) IfName(eth0) Args(K8S_POD_INFRA_CONTAINER_ID=aa64e04776af65e304f5dda10677443550b8e178f858f9abc1b03ad6d4ff47a2;K8S_POD_UID=d5824255-e9c5-48aa-b8b8-9ad5649ef2d7;IgnoreUnknown=1;K8S_POD_NAMESPACE=default;K8S_POD_NAME=pause-68d5b89fc-zkk75) Path(/opt/cni/bin) argsStdinData({\"capabilities\":{\"io.kubernetes.cri.pod-annotations\":true},\"cniVersion\":\"0.4.0\",\"mtu\":\"9001\",\"name\":\"aws-cni\",\"pluginLogFile\":\"/var/log/aws-routed-eni/plugin.log\",\"pluginLogLevel\":\"DEBUG\",\"podSGEnforcingMode\":\"strict\",\"runtimeConfig\":{\"io.kubernetes.cri.pod-annotations\":{\"kubernetes.io/config.seen\":\"2026-10-05T08:41:28.378415909Z\",\"kubernetes.io/config.source\":\"api\"}},\"type\":\"aws-cni\",\"vethPrefix\":\"eni\"})"}
{"level":"debug","ts":"2026-10-05T08:43:40.474Z","caller":"routed-eni-cni-plugin/cni.go:407","msg":"Connected to IPAMD via Unix socket: /var/run/aws-node/ipamd.sock"}
{"level":"info","ts":"2026-10-05T08:43:40.475Z","caller":"routed-eni-cni-plugin/cni.go:370","msg":"Container aa64e04776af65e304f5dda10677443550b8e178f858f9abc1b03ad6d4ff47a2 not found"}
{"level":"info","ts":"2026-10-05T08:43:46.448Z","caller":"routed-eni-cni-plugin/cni.go:131","msg":"Constructed new logger instance"}
{"level":"info","ts":"2026-10-05T08:43:46.448Z","caller":"routed-eni-cni-plugin/cni.go:149","msg":"Received CNI add request: ContainerID(134dcc344dc84c22076bec80981adb072297e4df564d992b373150b1b8832d2f) Netns(/var/run/netns/cni-a276d151-1369-caf4-560c-0364e44b4000) IfName(eth0) Args(K8S_POD_INFRA_CONTAINER_ID=134dcc344dc84c22076bec80981adb072297e4df564d992b373150b1b8832d2f;K8S_POD_UID=9c500403-1eff-4562-9498-16be317f6e12;IgnoreUnknown=1;K8S_POD_NAMESPACE=default;K8S_POD_NAME=pause-68d5b89fc-cc6lc) Path(/opt/cni/bin) argsStdinData({\"capabilities\":{\"io.kubernetes.cri.pod-annotations\":true},\"cniVersion\":\"0.4.0\",\"mtu\":\"9001\",\"name\":\"aws-cni\",\"pluginLogFile\":\"/var/log/aws-routed-eni/plugin.log\",\"pluginLogLevel\":\"DEBUG\",\"podSGEnforcingMode\":\"strict\",\"runtimeConfig\":{\"io.kubernetes.cri.pod-annotations\":{\"kubernetes.io/config.seen\":\"2026-10-05T08:41:28.433460060Z\",\"kubernetes.io/config.source\":\"api\"}},\"type\":\"aws-cni\",\"vethPrefix\":\"eni\"})"}
{"level":"debug","ts":"2026-10-05T08:43:46.448Z","caller":"routed-eni-cni-plugin/cni.go:149","msg":"Prev Result: <nil>\n"}
{"level":"debug","ts":"2026-10-05T08:43:46.448Z","caller":"routed-eni-cni-plugin/cni.go:149","msg":"MTU value set is 9001:"}
{"level":"debug","ts":"2026-10-05T08:43:46.448Z","caller":"routed-eni-cni-plugin/cni.go:149","msg":"pod requires multi-nic attachment: false"}
{"level":"debug","ts":"2026-10-05T08:43:46.448Z","caller":"routed-eni-cni-plugin/cni.go:190","msg":"Connected to IPAMD via Unix socket: /var/run/aws-node/ipamd.sock"}
{"level":"error","ts":"2026-10-05T08:43:46.450Z","caller":"routed-eni-cni-plugin/cni.go:149","msg":"Failed to assign an IP address to container 134dcc344dc84c22076bec80981adb072297e4df564d992b373150b1b8832d2f"}
{"level":"info","ts":"2026-10-05T08:43:46.473Z","caller":"routed-eni-cni-plugin/cni.go:131","msg":"Constructed new logger instance"}
{"level":"debug","ts":"2026-10-05T08:43:46.473Z","caller":"routed-eni-cni-plugin/cni.go:370","msg":"Prev Result: <nil>\n"}
{"level":"info","ts":"2026-10-05T08:43:46.473Z","caller":"routed-eni-cni-plugin/cni.go:370","msg":"Received CNI del request: ContainerID(134dcc344dc84c22076bec80981adb072297e4df564d992b373150b1b8832d2f) Netns(/var/run/netns/cni-a276d151-1369-caf4-560c-0364e44b4000) IfName(eth0) Args(K8S_POD_INFRA_CONTAINER_ID=134dcc344dc84c22076bec80981adb072297e4df564d992b373150b1b8832d2f;K8S_POD_UID=9c500403-1eff-4562-9498-16be317f6e12;IgnoreUnknown=1;K8S_POD_NAMESPACE=default;K8S_POD_NAME=pause-68d5b89fc-cc6lc) Path(/opt/cni/bin) argsStdinData({\"capabilities\":{\"io.kubernetes.cri.pod-annotations\":true},\"cniVersion\":\"0.4.0\",\"mtu\":\"9001\",\"name\":\"aws-cni\",\"pluginLogFile\":\"/var/log/aws-routed-eni/plugin.log\",\"pluginLogLevel\":\"DEBUG\",\"podSGEnforcingMode\":\"strict\",\"runtimeConfig\":{\"io.kubernetes.cri.pod-annotations\":{\"kubernetes.io/config.seen\":\"2026-10-05T08:41:28.433460060Z\",\"kubernetes.io/config.source\":\"api\"}},\"type\":\"aws-cni\",\"vethPrefix\":\"eni\"})"}
{"level":"debug","ts":"2026-10-05T08:43:46.473Z","caller":"routed-eni-cni-plugin/cni.go:407","msg":"Connected to IPAMD via Unix socket: /var/run/aws-node/ipamd.sock"}
{"level":"info","ts":"2026-10-05T08:43:46.474Z","caller":"routed-eni-cni-plugin/cni.go:370","msg":"Container 134dcc344dc84c22076bec80981adb072297e4df564d992b373150b1b8832d2f not found"}
{"level":"info","ts":"2026-10-05T08:43:52.447Z","caller":"routed-eni-cni-plugin/cni.go:131","msg":"Constructed new logger instance"}
{"level":"info","ts":"2026-10-05T08:43:52.447Z","caller":"routed-eni-cni-plugin/cni.go:149","msg":"Received CNI add request: ContainerID(45c83c665caaa26f1e24e3dc37310a83435e49c70fb7fdc75eccd019458228f4) Netns(/var/run/netns/cni-88475f15-a4f1-3f5d-0fd1-201f5898934a) IfName(eth0) Args(K8S_POD_INFRA_CONTAINER_ID=45c83c665caaa26f1e24e3dc37310a83435e49c70fb7fdc75eccd019458228f4;K8S_POD_UID=d5824255-e9c5-48aa-b8b8-9ad5649ef2d7;IgnoreUnknown=1;K8S_POD_NAMESPACE=default;K8S_POD_NAME=pause-68d5b89fc-zkk75) Path(/opt/cni/bin) argsStdinData({\"capabilities\":{\"io.kubernetes.cri.pod-annotations\":true},\"cniVersion\":\"0.4.0\",\"mtu\":\"9001\",\"name\":\"aws-cni\",\"pluginLogFile\":\"/var/log/aws-routed-eni/plugin.log\",\"pluginLogLevel\":\"DEBUG\",\"podSGEnforcingMode\":\"strict\",\"runtimeConfig\":{\"io.kubernetes.cri.pod-annotations\":{\"kubernetes.io/config.seen\":\"2026-10-05T08:41:28.378415909Z\",\"kubernetes.io/config.source\":\"api\"}},\"type\":\"aws-cni\",\"vethPrefix\":\"eni\"})"}
{"level":"debug","ts":"2026-10-05T08:43:52.447Z","caller":"routed-eni-cni-plugin/cni.go:149","msg":"Prev Result: <nil>\n"}
{"level":"debug","ts":"2026-10-05T08:43:52.447Z","caller":"routed-eni-cni-plugin/cni.go:149","msg":"MTU value set is 9001:"}
{"level":"debug","ts":"2026-10-05T08:43:52.447Z","caller":"routed-eni-cni-plugin/cni.go:149","msg":"pod requires multi-nic attachment: false"}
{"level":"debug","ts":"2026-10-05T08:43:52.448Z","caller":"routed-eni-cni-plugin/cni.go:190","msg":"Connected to IPAMD via Unix socket: /var/run/aws-node/ipamd.sock"}
{"level":"error","ts":"2026-10-05T08:43:52.450Z","caller":"routed-eni-cni-plugin/cni.go:149","msg":"Failed to assign an IP address to container 45c83c665caaa26f1e24e3dc37310a83435e49c70fb7fdc75eccd019458228f4"}
{"level":"info","ts":"2026-10-05T08:43:52.473Z","caller":"routed-eni-cni-plugin/cni.go:131","msg":"Constructed new logger instance"}
{"level":"debug","ts":"2026-10-05T08:43:52.473Z","caller":"routed-eni-cni-plugin/cni.go:370","msg":"Prev Result: <nil>\n"}
{"level":"info","ts":"2026-10-05T08:43:52.473Z","caller":"routed-eni-cni-plugin/cni.go:370","msg":"Received CNI del request: ContainerID(45c83c665caaa26f1e24e3dc37310a83435e49c70fb7fdc75eccd019458228f4) Netns(/var/run/netns/cni-88475f15-a4f1-3f5d-0fd1-201f5898934a) IfName(eth0) Args(K8S_POD_UID=d5824255-e9c5-48aa-b8b8-9ad5649ef2d7;IgnoreUnknown=1;K8S_POD_NAMESPACE=default;K8S_POD_NAME=pause-68d5b89fc-zkk75;K8S_POD_INFRA_CONTAINER_ID=45c83c665caaa26f1e24e3dc37310a83435e49c70fb7fdc75eccd019458228f4) Path(/opt/cni/bin) argsStdinData({\"capabilities\":{\"io.kubernetes.cri.pod-annotations\":true},\"cniVersion\":\"0.4.0\",\"mtu\":\"9001\",\"name\":\"aws-cni\",\"pluginLogFile\":\"/var/log/aws-routed-eni/plugin.log\",\"pluginLogLevel\":\"DEBUG\",\"podSGEnforcingMode\":\"strict\",\"runtimeConfig\":{\"io.kubernetes.cri.pod-annotations\":{\"kubernetes.io/config.seen\":\"2026-10-05T08:41:28.378415909Z\",\"kubernetes.io/config.source\":\"api\"}},\"type\":\"aws-cni\",\"vethPrefix\":\"eni\"})"}
{"level":"debug","ts":"2026-10-05T08:43:52.474Z","caller":"routed-eni-cni-plugin/cni.go:407","msg":"Connected to IPAMD via Unix socket: /var/run/aws-node/ipamd.sock"}
{"level":"info","ts":"2026-10-05T08:43:52.475Z","caller":"routed-eni-cni-plugin/cni.go:370","msg":"Container 45c83c665caaa26f1e24e3dc37310a83435e49c70fb7fdc75eccd019458228f4 not found"}
{"level":"info","ts":"2026-10-05T08:43:57.450Z","caller":"routed-eni-cni-plugin/cni.go:131","msg":"Constructed new logger instance"}
{"level":"info","ts":"2026-10-05T08:43:57.451Z","caller":"routed-eni-cni-plugin/cni.go:149","msg":"Received CNI add request: ContainerID(e25d48b017bf98b5787dccd5e294b88af0a070b37c05123ce73c61472e1a694e) Netns(/var/run/netns/cni-535d7d1f-f40e-59ef-9ccb-73c6d2aad2e8) IfName(eth0) Args(K8S_POD_INFRA_CONTAINER_ID=e25d48b017bf98b5787dccd5e294b88af0a070b37c05123ce73c61472e1a694e;K8S_POD_UID=9c500403-1eff-4562-9498-16be317f6e12;IgnoreUnknown=1;K8S_POD_NAMESPACE=default;K8S_POD_NAME=pause-68d5b89fc-cc6lc) Path(/opt/cni/bin) argsStdinData({\"capabilities\":{\"io.kubernetes.cri.pod-annotations\":true},\"cniVersion\":\"0.4.0\",\"mtu\":\"9001\",\"name\":\"aws-cni\",\"pluginLogFile\":\"/var/log/aws-routed-eni/plugin.log\",\"pluginLogLevel\":\"DEBUG\",\"podSGEnforcingMode\":\"strict\",\"runtimeConfig\":{\"io.kubernetes.cri.pod-annotations\":{\"kubernetes.io/config.seen\":\"2026-10-05T08:41:28.433460060Z\",\"kubernetes.io/config.source\":\"api\"}},\"type\":\"aws-cni\",\"vethPrefix\":\"eni\"})"}
{"level":"debug","ts":"2026-10-05T08:43:57.451Z","caller":"routed-eni-cni-plugin/cni.go:149","msg":"Prev Result: <nil>\n"}
{"level":"debug","ts":"2026-10-05T08:43:57.451Z","caller":"routed-eni-cni-plugin/cni.go:149","msg":"MTU value set is 9001:"}
{"level":"debug","ts":"2026-10-05T08:43:57.451Z","caller":"routed-eni-cni-plugin/cni.go:149","msg":"pod requires multi-nic attachment: false"}
{"level":"debug","ts":"2026-10-05T08:43:57.451Z","caller":"routed-eni-cni-plugin/cni.go:190","msg":"Connected to IPAMD via Unix socket: /var/run/aws-node/ipamd.sock"}
{"level":"error","ts":"2026-10-05T08:43:57.454Z","caller":"routed-eni-cni-plugin/cni.go:149","msg":"Failed to assign an IP address to container e25d48b017bf98b5787dccd5e294b88af0a070b37c05123ce73c61472e1a694e"}
{"level":"info","ts":"2026-10-05T08:43:57.477Z","caller":"routed-eni-cni-plugin/cni.go:131","msg":"Constructed new logger instance"}
{"level":"debug","ts":"2026-10-05T08:43:57.477Z","caller":"routed-eni-cni-plugin/cni.go:370","msg":"Prev Result: <nil>\n"}
{"level":"info","ts":"2026-10-05T08:43:57.477Z","caller":"routed-eni-cni-plugin/cni.go:370","msg":"Received CNI del request: ContainerID(e25d48b017bf98b5787dccd5e294b88af0a070b37c05123ce73c61472e1a694e) Netns(/var/run/netns/cni-535d7d1f-f40e-59ef-9ccb-73c6d2aad2e8) IfName(eth0) Args(K8S_POD_NAME=pause-68d5b89fc-cc6lc;K8S_POD_INFRA_CONTAINER_ID=e25d48b017bf98b5787dccd5e294b88af0a070b37c05123ce73c61472e1a694e;K8S_POD_UID=9c500403-1eff-4562-9498-16be317f6e12;IgnoreUnknown=1;K8S_POD_NAMESPACE=default) Path(/opt/cni/bin) argsStdinData({\"capabilities\":{\"io.kubernetes.cri.pod-annotations\":true},\"cniVersion\":\"0.4.0\",\"mtu\":\"9001\",\"name\":\"aws-cni\",\"pluginLogFile\":\"/var/log/aws-routed-eni/plugin.log\",\"pluginLogLevel\":\"DEBUG\",\"podSGEnforcingMode\":\"strict\",\"runtimeConfig\":{\"io.kubernetes.cri.pod-annotations\":{\"kubernetes.io/config.seen\":\"2026-10-05T08:41:28.433460060Z\",\"kubernetes.io/config.source\":\"api\"}},\"type\":\"aws-cni\",\"vethPrefix\":\"eni\"})"}
{"level":"debug","ts":"2026-10-05T08:43:57.478Z","caller":"routed-eni-cni-plugin/cni.go:407","msg":"Connected to IPAMD via Unix socket: /var/run/aws-node/ipamd.sock"}
{"level":"info","ts":"2026-10-05T08:43:57.479Z","caller":"routed-eni-cni-plugin/cni.go:370","msg":"Container e25d48b017bf98b5787dccd5e294b88af0a070b37c05123ce73c61472e1a694e not found"}
